Archive member included to satisfy reference by file (symbol)

c:/altera/14.1/nios2eds/bin/gnu/h-x86_64-mingw32/bin/../lib/gcc/nios2-elf/4.8.3\libgcc.a(lib2-divmod.o)
                              obj/default/drivers/drivers.o (__divsi3)
c:/altera/14.1/nios2eds/bin/gnu/h-x86_64-mingw32/bin/../lib/gcc/nios2-elf/4.8.3\libgcc.a(fixsfsi.o)
                              obj/default/drivers/drivers.o (__fixsfsi)
c:/altera/14.1/nios2eds/bin/gnu/h-x86_64-mingw32/bin/../lib/gcc/nios2-elf/4.8.3/../../../../../H-x86_64-mingw32/nios2-elf/lib\libc.a(lib_a-malloc.o)
                              obj/default/graphic_lib/draw_gimps.o (malloc)
c:/altera/14.1/nios2eds/bin/gnu/h-x86_64-mingw32/bin/../lib/gcc/nios2-elf/4.8.3/../../../../../H-x86_64-mingw32/nios2-elf/lib\libc.a(lib_a-mallocr.o)
                              c:/altera/14.1/nios2eds/bin/gnu/h-x86_64-mingw32/bin/../lib/gcc/nios2-elf/4.8.3/../../../../../H-x86_64-mingw32/nios2-elf/lib\libc.a(lib_a-malloc.o) (_malloc_r)
c:/altera/14.1/nios2eds/bin/gnu/h-x86_64-mingw32/bin/../lib/gcc/nios2-elf/4.8.3/../../../../../H-x86_64-mingw32/nios2-elf/lib\libc.a(lib_a-memcpy.o)
                              obj/default/graphic_lib/draw_gimps.o (memcpy)
c:/altera/14.1/nios2eds/bin/gnu/h-x86_64-mingw32/bin/../lib/gcc/nios2-elf/4.8.3/../../../../../H-x86_64-mingw32/nios2-elf/lib\libc.a(lib_a-memset.o)
                              obj/default/vip_fr.o (memset)
c:/altera/14.1/nios2eds/bin/gnu/h-x86_64-mingw32/bin/../lib/gcc/nios2-elf/4.8.3/../../../../../H-x86_64-mingw32/nios2-elf/lib\libc.a(lib_a-printf.o)
                              obj/default/graphic_lib/draw_gimps.o (printf)
c:/altera/14.1/nios2eds/bin/gnu/h-x86_64-mingw32/bin/../lib/gcc/nios2-elf/4.8.3/../../../../../H-x86_64-mingw32/nios2-elf/lib\libc.a(lib_a-sbrkr.o)
                              c:/altera/14.1/nios2eds/bin/gnu/h-x86_64-mingw32/bin/../lib/gcc/nios2-elf/4.8.3/../../../../../H-x86_64-mingw32/nios2-elf/lib\libc.a(lib_a-mallocr.o) (_sbrk_r)
c:/altera/14.1/nios2eds/bin/gnu/h-x86_64-mingw32/bin/../lib/gcc/nios2-elf/4.8.3/../../../../../H-x86_64-mingw32/nios2-elf/lib\libc.a(lib_a-strcpy.o)
                              obj/default/graphic_lib/simple_graphics.o (strcpy)
c:/altera/14.1/nios2eds/bin/gnu/h-x86_64-mingw32/bin/../lib/gcc/nios2-elf/4.8.3/../../../../../H-x86_64-mingw32/nios2-elf/lib\libc.a(lib_a-strlen.o)
                              obj/default/graphic_lib/simple_graphics.o (strlen)
c:/altera/14.1/nios2eds/bin/gnu/h-x86_64-mingw32/bin/../lib/gcc/nios2-elf/4.8.3/../../../../../H-x86_64-mingw32/nios2-elf/lib\libc.a(lib_a-vfprintf.o)
                              c:/altera/14.1/nios2eds/bin/gnu/h-x86_64-mingw32/bin/../lib/gcc/nios2-elf/4.8.3/../../../../../H-x86_64-mingw32/nios2-elf/lib\libc.a(lib_a-printf.o) (___vfprintf_internal_r)
c:/altera/14.1/nios2eds/bin/gnu/h-x86_64-mingw32/bin/../lib/gcc/nios2-elf/4.8.3/../../../../../H-x86_64-mingw32/nios2-elf/lib\libc.a(lib_a-wsetup.o)
                              c:/altera/14.1/nios2eds/bin/gnu/h-x86_64-mingw32/bin/../lib/gcc/nios2-elf/4.8.3/../../../../../H-x86_64-mingw32/nios2-elf/lib\libc.a(lib_a-vfprintf.o) (__swsetup_r)
c:/altera/14.1/nios2eds/bin/gnu/h-x86_64-mingw32/bin/../lib/gcc/nios2-elf/4.8.3/../../../../../H-x86_64-mingw32/nios2-elf/lib\libc.a(lib_a-dtoa.o)
                              c:/altera/14.1/nios2eds/bin/gnu/h-x86_64-mingw32/bin/../lib/gcc/nios2-elf/4.8.3/../../../../../H-x86_64-mingw32/nios2-elf/lib\libc.a(lib_a-vfprintf.o) (_dtoa_r)
c:/altera/14.1/nios2eds/bin/gnu/h-x86_64-mingw32/bin/../lib/gcc/nios2-elf/4.8.3/../../../../../H-x86_64-mingw32/nios2-elf/lib\libc.a(lib_a-fflush.o)
                              c:/altera/14.1/nios2eds/bin/gnu/h-x86_64-mingw32/bin/../lib/gcc/nios2-elf/4.8.3/../../../../../H-x86_64-mingw32/nios2-elf/lib\libc.a(lib_a-vfprintf.o) (_fflush_r)
c:/altera/14.1/nios2eds/bin/gnu/h-x86_64-mingw32/bin/../lib/gcc/nios2-elf/4.8.3/../../../../../H-x86_64-mingw32/nios2-elf/lib\libc.a(lib_a-findfp.o)
                              c:/altera/14.1/nios2eds/bin/gnu/h-x86_64-mingw32/bin/../lib/gcc/nios2-elf/4.8.3/../../../../../H-x86_64-mingw32/nios2-elf/lib\libc.a(lib_a-vfprintf.o) (__sinit)
c:/altera/14.1/nios2eds/bin/gnu/h-x86_64-mingw32/bin/../lib/gcc/nios2-elf/4.8.3/../../../../../H-x86_64-mingw32/nios2-elf/lib\libc.a(lib_a-freer.o)
                              c:/altera/14.1/nios2eds/bin/gnu/h-x86_64-mingw32/bin/../lib/gcc/nios2-elf/4.8.3/../../../../../H-x86_64-mingw32/nios2-elf/lib\libc.a(lib_a-malloc.o) (_free_r)
c:/altera/14.1/nios2eds/bin/gnu/h-x86_64-mingw32/bin/../lib/gcc/nios2-elf/4.8.3/../../../../../H-x86_64-mingw32/nios2-elf/lib\libc.a(lib_a-fwalk.o)
                              c:/altera/14.1/nios2eds/bin/gnu/h-x86_64-mingw32/bin/../lib/gcc/nios2-elf/4.8.3/../../../../../H-x86_64-mingw32/nios2-elf/lib\libc.a(lib_a-findfp.o) (_fwalk)
c:/altera/14.1/nios2eds/bin/gnu/h-x86_64-mingw32/bin/../lib/gcc/nios2-elf/4.8.3/../../../../../H-x86_64-mingw32/nios2-elf/lib\libc.a(lib_a-impure.o)
[...]
Memory Configuration

Name             Origin             Length             Attributes
reset            0x0000000004000000 0x0000000000000020
sdram_BEFORE_EXCEPTION 0x0000000004000020 0x000000000057e400
sdram            0x000000000457e420 0x0000000003a81be0
*default*        0x0000000000000000 0xffffffffffffffff

Linker script and memory map

LOAD ../lab5_bsp//obj/HAL/src/crt0.o
LOAD obj/default/drivers/drivers.o
LOAD obj/default/fonts/tahomabold_20.o
LOAD obj/default/fonts/tahomabold_32.o
LOAD obj/default/frame.o
LOAD obj/default/graphic_lib/draw_gimps.o
LOAD obj/default/graphic_lib/gimp_bmp.o
LOAD obj/default/graphic_lib/simple_graphics.o
LOAD obj/default/graphic_lib/simple_text.o
LOAD obj/default/hello_ucosii.o
LOAD obj/default/imagenes/back_down.o
LOAD obj/default/imagenes/back_up.o
LOAD obj/default/imagenes/ford_down.o
LOAD obj/default/imagenes/ford_up.o
LOAD obj/default/imagenes/pause_down.o
LOAD obj/default/imagenes/pause_up.o
LOAD obj/default/imagenes/play_down.o
LOAD obj/default/imagenes/play_up.o
LOAD obj/default/imagenes/stop_down.o
LOAD obj/default/imagenes/stop_up.o
LOAD obj/default/song/song.o
LOAD obj/default/student_code/student_code.o
LOAD obj/default/vip_fr.o
LOAD c:/altera/14.1/nios2eds/bin/gnu/h-x86_64-mingw32/bin/../lib/gcc/nios2-elf/4.8.3/../../../../../H-x86_64-mingw32/nios2-elf/lib\libstdc++.a
LOAD c:/altera/14.1/nios2eds/bin/gnu/h-x86_64-mingw32/bin/../lib/gcc/nios2-elf/4.8.3/../../../../../H-x86_64-mingw32/nios2-elf/lib\libm.a
LOAD c:/altera/14.1/nios2eds/bin/gnu/h-x86_64-mingw32/bin/../lib/gcc/nios2-elf/4.8.3\libgcc.a
START GROUP
LOAD c:/altera/14.1/nios2eds/bin/gnu/h-x86_64-mingw32/bin/../lib/gcc/nios2-elf/4.8.3/../../../../../H-x86_64-mingw32/nios2-elf/lib\libc.a
LOAD c:/altera/14.1/nios2eds/bin/gnu/h-x86_64-mingw32/bin/../lib/gcc/nios2-elf/4.8.3\libgcc.a
LOAD ../lab5_bsp/\libucosii_bsp.a
LOAD c:/altera/14.1/nios2eds/bin/gnu/h-x86_64-mingw32/bin/../lib/gcc/nios2-elf/4.8.3/../../../../../H-x86_64-mingw32/nios2-elf/lib\libm.a
END GROUP
LOAD c:/altera/14.1/nios2eds/bin/gnu/h-x86_64-mingw32/bin/../lib/gcc/nios2-elf/4.8.3\libgcc.a
                0x0000000004000000                __alt_mem_sdram = 0x4000000

.entry          0x0000000004000000       0x20
 *(.entry)
 .entry         0x0000000004000000       0x20 ../lab5_bsp//obj/HAL/src/crt0.o
                0x0000000004000000                __reset

.exceptions     0x000000000457e420      0x15c
                0x000000000457e420                PROVIDE (__ram_exceptions_start, ABSOLUTE (.))
                0x000000000457e420                . = ALIGN (0x20)
 *(.irq)
 *(.exceptions.entry.label)
 .exceptions.entry.label
                0x000000000457e420        0x0 ../lab5_bsp/\libucosii_bsp.a(alt_irq_entry.o)
                0x000000000457e420                alt_irq_entry
 .exceptions.entry.label
                0x000000000457e420        0x0 ../lab5_bsp/\libucosii_bsp.a(alt_exception_entry.o)
                0x000000000457e420                alt_exception
 *(.exceptions.entry.user)
 *(.exceptions.entry.ecc_fatal)
 *(.exceptions.entry)
 .exceptions.entry
                0x000000000457e420       0x54 ../lab5_bsp/\libucosii_bsp.a(alt_exception_entry.o)
 *(.exceptions.irqtest.user)
 *(.exceptions.irqtest)
 .exceptions.irqtest
                0x000000000457e474       0x10 ../lab5_bsp/\libucosii_bsp.a(alt_irq_entry.o)
 *(.exceptions.irqhandler.user)
 *(.exceptions.irqhandler)
 .exceptions.irqhandler
                0x000000000457e484        0x4 ../lab5_bsp/\libucosii_bsp.a(alt_irq_entry.o)
 *(.exceptions.irqreturn.user)
 *(.exceptions.irqreturn)
 .exceptions.irqreturn
                0x000000000457e488        0x4 ../lab5_bsp/\libucosii_bsp.a(alt_irq_entry.o)
 *(.exceptions.notirq.label)
 .exceptions.notirq.label
                0x000000000457e48c        0x0 ../lab5_bsp/\libucosii_bsp.a(alt_irq_entry.o)
 *(.exceptions.notirq.user)
 *(.exceptions.notirq)
 .exceptions.notirq
                0x000000000457e48c        0x8 ../lab5_bsp/\libucosii_bsp.a(alt_exception_entry.o)
 *(.exceptions.soft.user)
 *(.exceptions.soft)
 *(.exceptions.unknown.user)
 *(.exceptions.unknown)
 .exceptions.unknown
                0x000000000457e494        0x4 ../lab5_bsp/\libucosii_bsp.a(alt_exception_entry.o)
 *(.exceptions.exit.label)
 .exceptions.exit.label
                0x000000000457e498        0x0 ../lab5_bsp/\libucosii_bsp.a(alt_irq_entry.o)
 .exceptions.exit.label
                0x000000000457e498        0x0 ../lab5_bsp/\libucosii_bsp.a(alt_exception_entry.o)
 *(.exceptions.exit.user)
 *(.exceptions.exit)
 .exceptions.exit
                0x000000000457e498       0x54 ../lab5_bsp/\libucosii_bsp.a(alt_exception_entry.o)
 *(.exceptions)
 .exceptions    0x000000000457e4ec       0x90 ../lab5_bsp/\libucosii_bsp.a(alt_irq_handler.o)
                0x000000000457e4ec                alt_irq_handler
                0x000000000457e57c                PROVIDE (__ram_exceptions_end, ABSOLUTE (.))
                0x000000000457e420                PROVIDE (__flash_exceptions_start, LOADADDR (.exceptions))

.text           0x000000000457e57c    0x19084
                0x000000000457e57c                PROVIDE (stext, ABSOLUTE (.))
 *(.interp)
 *(.hash)
 *(.dynsym)
 *(.dynstr)
 *(.gnu.version)
 *(.gnu.version_d)
 *(.gnu.version_r)
 *(.rel.init)
 *(.rela.init)
 *(.rel.text .rel.text.* .rel.gnu.linkonce.t.*)
 *(.rela.text .rela.text.* .rela.gnu.linkonce.t.*)
 *(.rel.fini)
 *(.rela.fini)
 *(.rel.rodata .rel.rodata.* .rel.gnu.linkonce.r.*)
 *(.rela.rodata .rela.rodata.* .rela.gnu.linkonce.r.*)
 *(.rel.data .rel.data.* .rel.gnu.linkonce.d.*)
 *(.rela.data .rela.data.* .rela.gnu.linkonce.d.*)
 *(.rel.tdata .rel.tdata.* .rel.gnu.linkonce.td.*)
 *(.rela.tdata .rela.tdata.* .rela.gnu.linkonce.td.*)
 *(.rel.tbss .rel.tbss.* .rel.gnu.linkonce.tb.*)
 *(.rela.tbss .rela.tbss.* .rela.gnu.linkonce.tb.*)
 *(.rel.ctors)
 *(.rela.ctors)
 *(.rel.dtors)
 *(.rela.dtors)
 *(.rel.got)
 *(.rela.got)
 *(.rel.sdata .rel.sdata.* .rel.gnu.linkonce.s.*)
 *(.rela.sdata .rela.sdata.* .rela.gnu.linkonce.s.*)
 *(.rel.sbss .rel.sbss.* .rel.gnu.linkonce.sb.*)
 *(.rela.sbss .rela.sbss.* .rela.gnu.linkonce.sb.*)
 *(.rel.sdata2 .rel.sdata2.* .rel.gnu.linkonce.s2.*)
 *(.rela.sdata2 .rela.sdata2.* .rela.gnu.linkonce.s2.*)
 *(.rel.sbss2 .rel.sbss2.* .rel.gnu.linkonce.sb2.*)
 *(.rela.sbss2 .rela.sbss2.* .rela.gnu.linkonce.sb2.*)
 *(.rel.bss .rel.bss.* .rel.gnu.linkonce.b.*)
 *(.rela.bss .rela.bss.* .rela.gnu.linkonce.b.*)
 *(.rel.plt)
 *(.rela.plt)
 *(.rel.dyn)
 *(.init)
 *(.plt)
 *(.text .stub .text.* .gnu.linkonce.t.*)
 .text          0x000000000457e57c       0x4c ../lab5_bsp//obj/HAL/src/crt0.o
                0x000000000457e57c                _start
 .text          0x000000000457e5c8     0x182c obj/default/drivers/drivers.o
                0x000000000457e5c8                audio_dac_wr_fifo
                0x000000000457e63c                stop_wav
                0x000000000457e660                play_wav
                0x000000000457e67c                pause_wav
                0x000000000457e694                audio_dac_fifo_full
                0x000000000457e6a8                init_audio_hw
                0x000000000457e6e4                set_audio_frequency_audio_controller
                0x000000000457e71c                set_note
                0x000000000457e754                select_modulation
                0x000000000457e768                select_signal
                0x000000000457e77c                audio_selector
                0x000000000457e790                read_keyboard
                0x000000000457e7a0                mouse_pos
                0x000000000457e854                Sleep
                0x000000000457e8a0                Beep
                0x000000000457e8dc                starwars
                0x000000000457ea3c                gloria
                0x000000000457ef20                mario
                0x000000000457f7c0                tetris
 .text          0x000000000457fdf4        0x0 obj/default/fonts/tahomabold_20.o
 .text          0x000000000457fdf4        0x0 obj/default/fonts/tahomabold_32.o
 .text          0x000000000457fdf4      0x120 obj/default/frame.o
                0x000000000457fdf4                ConfigVFR
                0x000000000457feb4                GetFrameBuffer
                0x000000000457fed0                cleanscreen
 .text          0x000000000457ff14      0x55c obj/default/graphic_lib/draw_gimps.o
                0x000000000457ff14                AsVidCopyImageToBuffer
                0x000000000457ffec                AsVidCopyImageToBuffer2
                0x00000000045800e8                AsVidCopyImageToBuffer3
                0x0000000004580208                DispIMAGE
                0x00000000045802b8                DispIMAGE_fit
                0x00000000045803a4                DispIMAGE_from_gimp
 .text          0x0000000004580470      0x508 obj/default/graphic_lib/gimp_bmp.o
                0x0000000004580470                copy_pix_map_32_to_32
                0x00000000045804e0                copy_pix_map_32_to_24
                0x0000000004580560                copy_pix_map_32_to_16
                0x00000000045805e8                copy_pix_map_24_to_32
                0x0000000004580670                copy_pix_map_24_to_24
                0x00000000045806f0                copy_pix_map_24_to_16
                0x0000000004580798                load_gimp_bmp
 .text          0x0000000004580978     0x1ff0 obj/default/graphic_lib/simple_graphics.o
                0x0000000004580978                vid_scroll_string_quit
                0x00000000045809a8                vid_scroll_string_init
                0x0000000004580a94                vid_set_pixel
                0x0000000004580b88                vid_print_char
                0x0000000004580c70                vid_print_string
                0x0000000004580d48                vid_get_pixel
                0x0000000004580da4                vid_move_block
                0x0000000004580ea8                vid_paint_block
                0x0000000004581028                vid_clean_screen
                0x0000000004581058                vid_draw_horiz_line
                0x000000000458128c                vid_merge_colors
                0x00000000045812a8                vid_color_convert24_16
                0x00000000045812dc                vid_color_convert16_24
                0x0000000004581304                vid_copy_line_to_frame_buffer
                0x00000000045814bc                vid_draw_sloped_line
                0x0000000004581648                vid_draw_line
                0x00000000045816c4                vid_draw_box
                0x000000000458183c                vid_scroll_string
                0x0000000004581a6c                vid_round_corner_points
                0x0000000004581ee8                vid_draw_circle
                0x0000000004582000                vid_draw_round_corner_box
                0x00000000045822f0                max3
                0x0000000004582308                min3
                0x0000000004582320                max_diff3
                0x000000000458234c                vid_put_pixel_in_span_map
                0x0000000004582390                vid_bres_scan_edges
                0x00000000045824d8                vid_draw_triangle
                0x00000000045827ac                CopyImage16
                0x000000000458286c                CropImage16
 .text          0x0000000004582968      0xb48 obj/default/graphic_lib/simple_text.o
                0x0000000004582968                seperate_color_channels
                0x00000000045829f8                merge_color_channels
                0x0000000004582a70                read_from_frame
                0x0000000004582bc4                alpha_blending
                0x0000000004582e70                vid_print_char_alpha
                0x0000000004583298                vid_print_string_alpha
                0x0000000004583434                vid_string_pixel_length_alpha
 .text          0x00000000045834b0     0x13a4 obj/default/hello_ucosii.o
                0x00000000045834b0                draw_button
                0x000000000458362c                task2
                0x0000000004584288                init_background
                0x0000000004584654                send_audio_fifo
                0x00000000045846d0                task1
                0x0000000004584774                main
 .text          0x0000000004584854        0x0 obj/default/imagenes/back_down.o
 .text          0x0000000004584854        0x0 obj/default/imagenes/back_up.o
 .text          0x0000000004584854        0x0 obj/default/imagenes/ford_down.o
 .text          0x0000000004584854        0x0 obj/default/imagenes/ford_up.o
 .text          0x0000000004584854        0x0 obj/default/imagenes/pause_down.o
 .text          0x0000000004584854        0x0 obj/default/imagenes/pause_up.o
 .text          0x0000000004584854        0x0 obj/default/imagenes/play_down.o
 .text          0x0000000004584854        0x0 obj/default/imagenes/play_up.o
 .text          0x0000000004584854        0x0 obj/default/imagenes/stop_down.o
 .text          0x0000000004584854        0x0 obj/default/imagenes/stop_up.o
 .text          0x0000000004584854        0x0 obj/default/song/song.o
 .text          0x0000000004584854       0xa4 obj/default/student_code/student_code.o
                0x0000000004584854                handle_lfsr_interrupts
                0x00000000045848b0                init_lfsr_interrupt
 .text          0x00000000045848f8      0x2bc obj/default/vip_fr.o
                0x00000000045848f8                VIPFR_UnInit
                0x0000000004584914                VIPFR_Go
                0x0000000004584924                VIPFR_GetDrawFrame
                0x000000000458493c                VIPFR_ActiveDrawFrame
                0x0000000004584984                DRAW_EraseScreen
                0x00000000045849d4                FrameReader_SetFrame0
                0x00000000045849fc                FrameReader_SetFrame1
                0x0000000004584a24                VIPFR_SetFrameSize
                0x0000000004584aac                VIPFR_Init
                0x0000000004584b50                FrameReader_SelectFrame
                0x0000000004584b5c                FrameReader_Go
                0x0000000004584b68                VIPFR_ReserveBackground
 .text          0x0000000004584bb4      0x114 c:/altera/14.1/nios2eds/bin/gnu/h-x86_64-mingw32/bin/../lib/gcc/nios2-elf/4.8.3\libgcc.a(lib2-divmod.o)
                0x0000000004584c24                __divsi3
                0x0000000004584c6c                __modsi3
                0x0000000004584cb8                __udivsi3
                0x0000000004584cc0                __umodsi3
 .text          0x0000000004584cc8       0x70 c:/altera/14.1/nios2eds/bin/gnu/h-x86_64-mingw32/bin/../lib/gcc/nios2-elf/4.8.3\libgcc.a(fixsfsi.o)
                0x0000000004584cc8                __fixsfsi
 .text          0x0000000004584d38       0x28 c:/altera/14.1/nios2eds/bin/gnu/h-x86_64-mingw32/bin/../lib/gcc/nios2-elf/4.8.3/../../../../../H-x86_64-mingw32/nios2-elf/lib\libc.a(lib_a-malloc.o)
                0x0000000004584d38                malloc
                0x0000000004584d4c                free
 .text          0x0000000004584d60      0x7c4 c:/altera/14.1/nios2eds/bin/gnu/h-x86_64-mingw32/bin/../lib/gcc/nios2-elf/4.8.3/../../../../../H-x86_64-mingw32/nios2-elf/lib\libc.a(lib_a-mallocr.o)
                0x0000000004584d60                _malloc_r
 .text          0x0000000004585524      0x10c c:/altera/14.1/nios2eds/bin/gnu/h-x86_64-mingw32/bin/../lib/gcc/nios2-elf/4.8.3/../../../../../H-x86_64-mingw32/nios2-elf/lib\libc.a(lib_a-memcpy.o)
                0x0000000004585524                memcpy
 .text          0x0000000004585630      0x114 c:/altera/14.1/nios2eds/bin/gnu/h-x86_64-mingw32/bin/../lib/gcc/nios2-elf/4.8.3/../../../../../H-x86_64-mingw32/nios2-elf/lib\libc.a(lib_a-memset.o)
                0x0000000004585630                memset
 .text          0x0000000004585744       0x68 c:/altera/14.1/nios2eds/bin/gnu/h-x86_64-mingw32/bin/../lib/gcc/nios2-elf/4.8.3/../../../../../H-x86_64-mingw32/nios2-elf/lib\libc.a(lib_a-printf.o)
                0x0000000004585744                _printf_r
                0x0000000004585770                printf
 .text          0x00000000045857ac       0x64 c:/altera/14.1/nios2eds/bin/gnu/h-x86_64-mingw32/bin/../lib/gcc/nios2-elf/4.8.3/../../../../../H-x86_64-mingw32/nios2-elf/lib\libc.a(lib_a-sbrkr.o)
                0x00000000045857ac                _sbrk_r
 .text          0x0000000004585810       0x88 c:/altera/14.1/nios2eds/bin/gnu/h-x86_64-mingw32/bin/../lib/gcc/nios2-elf/4.8.3/../../../../../H-x86_64-mingw32/nios2-elf/lib\libc.a(lib_a-strcpy.o)
                0x0000000004585810                strcpy
 .text          0x0000000004585898       0x8c c:/altera/14.1/nios2eds/bin/gnu/h-x86_64-mingw32/bin/../lib/gcc/nios2-elf/4.8.3/../../../../../H-x86_64-mingw32/nios2-elf/lib\libc.a(lib_a-strlen.o)
                0x0000000004585898                strlen
 .text          0x0000000004585924     0x2000 c:/altera/14.1/nios2eds/bin/gnu/h-x86_64-mingw32/bin/../lib/gcc/nios2-elf/4.8.3/../../../../../H-x86_64-mingw32/nios2-elf/lib\libc.a(lib_a-vfprintf.o)
                0x0000000004585924                ___vfprintf_internal_r
                0x0000000004587900                __vfprintf_internal
 .text          0x0000000004587924      0x138 c:/altera/14.1/nios2eds/bin/gnu/h-x86_64-mingw32/bin/../lib/gcc/nios2-elf/4.8.3/../../../../../H-x86_64-mingw32/nios2-elf/lib\libc.a(lib_a-wsetup.o)
                0x0000000004587924                __swsetup_r
 .text          0x0000000004587a5c     0x1840 c:/altera/14.1/nios2eds/bin/gnu/h-x86_64-mingw32/bin/../lib/gcc/nios2-elf/4.8.3/../../../../../H-x86_64-mingw32/nios2-elf/lib\libc.a(lib_a-dtoa.o)
                0x0000000004587c60                _dtoa_r
 .text          0x000000000458929c      0x274 c:/altera/14.1/nios2eds/bin/gnu/h-x86_64-mingw32/bin/../lib/gcc/nios2-elf/4.8.3/../../../../../H-x86_64-mingw32/nios2-elf/lib\libc.a(lib_a-fflush.o)
                0x000000000458929c                _fflush_r
                0x00000000045894e0                fflush
 .text          0x0000000004589510      0x390 c:/altera/14.1/nios2eds/bin/gnu/h-x86_64-mingw32/bin/../lib/gcc/nios2-elf/4.8.3/../../../../../H-x86_64-mingw32/nios2-elf/lib\libc.a(lib_a-findfp.o)
                0x0000000004589520                _cleanup_r
                0x000000000458952c                __sfmoreglue
                0x0000000004589590                _cleanup
                0x00000000045895a8                __sinit
                0x0000000004589744                __sfp
                0x0000000004589860                __sfp_lock_acquire
                0x0000000004589864                __sfp_lock_release
                0x0000000004589868                __sinit_lock_acquire
                0x000000000458986c                __sinit_lock_release
                0x0000000004589870                __fp_lock_all
                0x0000000004589888                __fp_unlock_all
 .text          0x00000000045898a0      0x40c c:/altera/14.1/nios2eds/bin/gnu/h-x86_64-mingw32/bin/../lib/gcc/nios2-elf/4.8.3/../../../../../H-x86_64-mingw32/nios2-elf/lib\libc.a(lib_a-freer.o)
                0x00000000045898a0                _malloc_trim_r
                0x00000000045899dc                _free_r
 .text          0x0000000004589cac      0x160 c:/altera/14.1/nios2eds/bin/gnu/h-x86_64-mingw32/bin/../lib/gcc/nios2-elf/4.8.3/../../../../../H-x86_64-mingw32/nios2-elf/lib\libc.a(lib_a-fwalk.o)
                0x0000000004589cac                _fwalk
                0x0000000004589d54                _fwalk_reent
 .text          0x0000000004589e0c        0x0 c:/altera/14.1/nios2eds/bin/gnu/h-x86_64-mingw32/bin/../lib/gcc/nios2-elf/4.8.3/../../../../../H-x86_64-mingw32/nios2-elf/lib\libc.a(lib_a-impure.o)
 .text          0x0000000004589e0c        0x0 c:/altera/14.1/nios2eds/bin/gnu/h-x86_64-mingw32/bin/../lib/gcc/nios2-elf/4.8.3/../../../../../H-x86_64-mingw32/nios2-elf/lib\libc.a(lib_a-int_errno.o)
 .text          0x0000000004589e0c       0xd4 c:/altera/14.1/nios2eds/bin/gnu/h-x86_64-mingw32/bin/../lib/gcc/nios2-elf/4.8.3/../../../../../H-x86_64-mingw32/nios2-elf/lib\libc.a(lib_a-locale.o)
                0x0000000004589e0c                _setlocale_r
                0x0000000004589e7c                __locale_charset
                0x0000000004589e88                __locale_mb_cur_max
                0x0000000004589e98                __locale_msgcharset
                0x0000000004589ea4                __locale_cjk_lang
                0x0000000004589eac                _localeconv_r
                0x0000000004589eb8                setlocale
                0x0000000004589ed4                localeconv
 .text          0x0000000004589ee0      0x1b4 c:/altera/14.1/nios2eds/bin/gnu/h-x86_64-mingw32/bin/../lib/gcc/nios2-elf/4.8.3/../../../../../H-x86_64-mingw32/nios2-elf/lib\libc.a(lib_a-makebuf.o)
                0x0000000004589ee0                __smakebuf_r
 .text          0x000000000458a094       0xe8 c:/altera/14.1/nios2eds/bin/gnu/h-x86_64-mingw32/bin/../lib/gcc/nios2-elf/4.8.3/../../../../../H-x86_64-mingw32/nios2-elf/lib\libc.a(lib_a-memchr.o)
                0x000000000458a094                memchr
 .text          0x000000000458a17c      0xf78 c:/altera/14.1/nios2eds/bin/gnu/h-x86_64-mingw32/bin/../lib/gcc/nios2-elf/4.8.3/../../../../../H-x86_64-mingw32/nios2-elf/lib\libc.a(lib_a-mprec.o)
                0x000000000458a17c                _Balloc
                0x000000000458a224                _Bfree
                0x000000000458a24c                __multadd
                0x000000000458a360                __s2b
                0x000000000458a464                __hi0bits
                0x000000000458a4cc                __lo0bits
                0x000000000458a57c                __i2b
                0x000000000458a5b8                __multiply
                0x000000000458a7a4                __pow5mult
                0x000000000458a8ec                __lshift
                0x000000000458aa3c                __mcmp
                0x000000000458aa9c                __mdiff
                0x000000000458ac4c                __ulp
                0x000000000458acac                __b2d
                0x000000000458ad9c                __d2b
                0x000000000458aee0                __ratio
                0x000000000458af80                _mprec_log10
                0x000000000458aff4                __copybits
                0x000000000458b06c                __any_on
 .text          0x000000000458b0f4       0x68 c:/altera/14.1/nios2eds/bin/gnu/h-x86_64-mingw32/bin/../lib/gcc/nios2-elf/4.8.3/../../../../../H-x86_64-mingw32/nios2-elf/lib\libc.a(lib_a-s_fpclassify.o)
                0x000000000458b0f4                __fpclassifyd
 .text          0x000000000458b15c      0x13c c:/altera/14.1/nios2eds/bin/gnu/h-x86_64-mingw32/bin/../lib/gcc/nios2-elf/4.8.3/../../../../../H-x86_64-mingw32/nios2-elf/lib\libc.a(lib_a-stdio.o)
                0x000000000458b15c                __sread
                0x000000000458b1b0                __seofread
                0x000000000458b1b8                __swrite
                0x000000000458b234                __sseek
                0x000000000458b290                __sclose
 .text          0x000000000458b298       0xa4 c:/altera/14.1/nios2eds/bin/gnu/h-x86_64-mingw32/bin/../lib/gcc/nios2-elf/4.8.3/../../../../../H-x86_64-mingw32/nios2-elf/lib\libc.a(lib_a-strcmp.o)
                0x000000000458b298                strcmp
 .text          0x000000000458b33c     0x13a8 c:/altera/14.1/nios2eds/bin/gnu/h-x86_64-mingw32/bin/../lib/gcc/nios2-elf/4.8.3/../../../../../H-x86_64-mingw32/nios2-elf/lib\libc.a(lib_a-vfiprintf.o)
                0x000000000458b438                __sprint_r
                0x000000000458b450                ___vfiprintf_internal_r
                0x000000000458c6c0                __vfiprintf_internal
 .text          0x000000000458c6e4       0x6c c:/altera/14.1/nios2eds/bin/gnu/h-x86_64-mingw32/bin/../lib/gcc/nios2-elf/4.8.3/../../../../../H-x86_64-mingw32/nios2-elf/lib\libc.a(lib_a-writer.o)
                0x000000000458c6e4                _write_r
 .text          0x000000000458c750       0x64 c:/altera/14.1/nios2eds/bin/gnu/h-x86_64-mingw32/bin/../lib/gcc/nios2-elf/4.8.3/../../../../../H-x86_64-mingw32/nios2-elf/lib\libc.a(closer.o)
                0x000000000458c750                _close_r
 .text          0x000000000458c7b4       0xc4 c:/altera/14.1/nios2eds/bin/gnu/h-x86_64-mingw32/bin/../lib/gcc/nios2-elf/4.8.3/../../../../../H-x86_64-mingw32/nios2-elf/lib\libc.a(lib_a-callocr.o)
                0x000000000458c7b4                _calloc_r
 .text          0x000000000458c878      0x13c c:/altera/14.1/nios2eds/bin/gnu/h-x86_64-mingw32/bin/../lib/gcc/nios2-elf/4.8.3/../../../../../H-x86_64-mingw32/nios2-elf/lib\libc.a(lib_a-fclose.o)
                0x000000000458c878                _fclose_r
                0x000000000458c9a0                fclose
 .text          0x000000000458c9b4      0x1fc c:/altera/14.1/nios2eds/bin/gnu/h-x86_64-mingw32/bin/../lib/gcc/nios2-elf/4.8.3/../../../../../H-x86_64-mingw32/nios2-elf/lib\libc.a(lib_a-fputwc.o)
                0x000000000458c9b4                _fputwc_r
                0x000000000458cb38                fputwc
 .text          0x000000000458cbb0       0x68 c:/altera/14.1/nios2eds/bin/gnu/h-x86_64-mingw32/bin/../lib/gcc/nios2-elf/4.8.3/../../../../../H-x86_64-mingw32/nios2-elf/lib\libc.a(lib_a-fstatr.o)
                0x000000000458cbb0                _fstat_r
 .text          0x000000000458cc18      0x4ac c:/altera/14.1/nios2eds/bin/gnu/h-x86_64-mingw32/bin/../lib/gcc/nios2-elf/4.8.3/../../../../../H-x86_64-mingw32/nios2-elf/lib\libc.a(lib_a-fvwrite.o)
                0x000000000458cc18                __sfvwrite_r
 .text          0x000000000458d0c4       0x64 c:/altera/14.1/nios2eds/bin/gnu/h-x86_64-mingw32/bin/../lib/gcc/nios2-elf/4.8.3/../../../../../H-x86_64-mingw32/nios2-elf/lib\libc.a(lib_a-isattyr.o)
                0x000000000458d0c4                _isatty_r
 .text          0x000000000458d128       0x6c c:/altera/14.1/nios2eds/bin/gnu/h-x86_64-mingw32/bin/../lib/gcc/nios2-elf/4.8.3/../../../../../H-x86_64-mingw32/nios2-elf/lib\libc.a(lib_a-lseekr.o)
                0x000000000458d128                _lseek_r
 .text          0x000000000458d194      0x13c c:/altera/14.1/nios2eds/bin/gnu/h-x86_64-mingw32/bin/../lib/gcc/nios2-elf/4.8.3/../../../../../H-x86_64-mingw32/nios2-elf/lib\libc.a(lib_a-memmove.o)
                0x000000000458d194                memmove
 .text          0x000000000458d2d0       0x6c c:/altera/14.1/nios2eds/bin/gnu/h-x86_64-mingw32/bin/../lib/gcc/nios2-elf/4.8.3/../../../../../H-x86_64-mingw32/nios2-elf/lib\libc.a(lib_a-readr.o)
                0x000000000458d2d0                _read_r
 .text          0x000000000458d33c      0x564 c:/altera/14.1/nios2eds/bin/gnu/h-x86_64-mingw32/bin/../lib/gcc/nios2-elf/4.8.3/../../../../../H-x86_64-mingw32/nios2-elf/lib\libc.a(lib_a-reallocr.o)
                0x000000000458d33c                _realloc_r
 .text          0x000000000458d8a0      0x19c c:/altera/14.1/nios2eds/bin/gnu/h-x86_64-mingw32/bin/../lib/gcc/nios2-elf/4.8.3/../../../../../H-x86_64-mingw32/nios2-elf/lib\libc.a(lib_a-wbuf.o)
                0x000000000458d8a0                __swbuf_r
                0x000000000458da20                __swbuf
 .text          0x000000000458da3c      0x174 c:/altera/14.1/nios2eds/bin/gnu/h-x86_64-mingw32/bin/../lib/gcc/nios2-elf/4.8.3/../../../../../H-x86_64-mingw32/nios2-elf/lib\libc.a(lib_a-wcrtomb.o)
                0x000000000458da3c                _wcrtomb_r
                0x000000000458dad8                wcrtomb
 .text          0x000000000458dbb0       0x8c c:/altera/14.1/nios2eds/bin/gnu/h-x86_64-mingw32/bin/../lib/gcc/nios2-elf/4.8.3/../../../../../H-x86_64-mingw32/nios2-elf/lib\libc.a(lib_a-wctomb_r.o)
                0x000000000458dbb0                __ascii_wctomb
                0x000000000458dbe0                _wctomb_r
 .text          0x000000000458dc3c      0x5c4 c:/altera/14.1/nios2eds/bin/gnu/h-x86_64-mingw32/bin/../lib/gcc/nios2-elf/4.8.3\libgcc.a(_udivdi3.o)
                0x000000000458dc3c                __udivdi3
 .text          0x000000000458e200      0x598 c:/altera/14.1/nios2eds/bin/gnu/h-x86_64-mingw32/bin/../lib/gcc/nios2-elf/4.8.3\libgcc.a(_umoddi3.o)
                0x000000000458e200                __umoddi3
 .text          0x000000000458e798      0x87c c:/altera/14.1/nios2eds/bin/gnu/h-x86_64-mingw32/bin/../lib/gcc/nios2-elf/4.8.3\libgcc.a(adddf3.o)
                0x000000000458e798                __adddf3
 .text          0x000000000458f014      0x8d4 c:/altera/14.1/nios2eds/bin/gnu/h-x86_64-mingw32/bin/../lib/gcc/nios2-elf/4.8.3\libgcc.a(divdf3.o)
                0x000000000458f014                __divdf3
 .text          0x000000000458f8e8       0x84 c:/altera/14.1/nios2eds/bin/gnu/h-x86_64-mingw32/bin/../lib/gcc/nios2-elf/4.8.3\libgcc.a(eqdf2.o)
                0x000000000458f8e8                __nedf2
                0x000000000458f8e8                __eqdf2
 .text          0x000000000458f96c       0xd8 c:/altera/14.1/nios2eds/bin/gnu/h-x86_64-mingw32/bin/../lib/gcc/nios2-elf/4.8.3\libgcc.a(gedf2.o)
                0x000000000458f96c                __gedf2
                0x000000000458f96c                __gtdf2
 .text          0x000000000458fa44       0xec c:/altera/14.1/nios2eds/bin/gnu/h-x86_64-mingw32/bin/../lib/gcc/nios2-elf/4.8.3\libgcc.a(ledf2.o)
                0x000000000458fa44                __ledf2
                0x000000000458fa44                __ltdf2
 .text          0x000000000458fb30      0x6ec c:/altera/14.1/nios2eds/bin/gnu/h-x86_64-mingw32/bin/../lib/gcc/nios2-elf/4.8.3\libgcc.a(muldf3.o)
                0x000000000458fb30                __muldf3
 .text          0x000000000459021c      0x888 c:/altera/14.1/nios2eds/bin/gnu/h-x86_64-mingw32/bin/../lib/gcc/nios2-elf/4.8.3\libgcc.a(subdf3.o)
                0x000000000459021c                __subdf3
 .text          0x0000000004590aa4       0x80 c:/altera/14.1/nios2eds/bin/gnu/h-x86_64-mingw32/bin/../lib/gcc/nios2-elf/4.8.3\libgcc.a(fixdfsi.o)
                0x0000000004590aa4                __fixdfsi
 .text          0x0000000004590b24       0xd0 c:/altera/14.1/nios2eds/bin/gnu/h-x86_64-mingw32/bin/../lib/gcc/nios2-elf/4.8.3\libgcc.a(floatsidf.o)
                0x0000000004590b24                __floatsidf
 .text          0x0000000004590bf4       0xa0 c:/altera/14.1/nios2eds/bin/gnu/h-x86_64-mingw32/bin/../lib/gcc/nios2-elf/4.8.3\libgcc.a(floatunsidf.o)
                0x0000000004590bf4                __floatunsidf
 .text          0x0000000004590c94        0x0 c:/altera/14.1/nios2eds/bin/gnu/h-x86_64-mingw32/bin/../lib/gcc/nios2-elf/4.8.3\libgcc.a(_clz.o)
 .text          0x0000000004590c94       0xac c:/altera/14.1/nios2eds/bin/gnu/h-x86_64-mingw32/bin/../lib/gcc/nios2-elf/4.8.3\libgcc.a(_clzsi2.o)
                0x0000000004590c94                __clzsi2
 .text          0x0000000004590d40       0xcc ../lab5_bsp/\libucosii_bsp.a(alt_close.o)
                0x0000000004590d40                close
 .text          0x0000000004590e0c       0x18 ../lab5_bsp/\libucosii_bsp.a(alt_dcache_flush_all.o)
                0x0000000004590e0c                alt_dcache_flush_all
 .text          0x0000000004590e24        0x8 ../lab5_bsp/\libucosii_bsp.a(alt_dev.o)
 .text          0x0000000004590e2c        0x0 ../lab5_bsp/\libucosii_bsp.a(alt_errno.o)
 .text          0x0000000004590e2c       0x78 ../lab5_bsp/\libucosii_bsp.a(alt_fstat.o)
                0x0000000004590e2c                fstat
 .text          0x0000000004590ea4       0xb8 ../lab5_bsp/\libucosii_bsp.a(alt_iic.o)
                0x0000000004590ea4                alt_ic_isr_register
                0x0000000004590ec4                alt_ic_irq_enable
                0x0000000004590f04                alt_ic_irq_disable
                0x0000000004590f44                alt_ic_irq_enabled
 .text          0x0000000004590f5c       0x6c ../lab5_bsp/\libucosii_bsp.a(alt_iic_isr_register.o)
                0x0000000004590f5c                alt_iic_isr_register
 .text          0x0000000004590fc8        0x0 ../lab5_bsp/\libucosii_bsp.a(alt_irq_entry.o)
 .text          0x0000000004590fc8        0x0 ../lab5_bsp/\libucosii_bsp.a(alt_irq_handler.o)
 .text          0x0000000004590fc8        0x0 ../lab5_bsp/\libucosii_bsp.a(alt_irq_vars.o)
 .text          0x0000000004590fc8       0x7c ../lab5_bsp/\libucosii_bsp.a(alt_isatty.o)
                0x0000000004590fc8                isatty
 .text          0x0000000004591044      0x154 ../lab5_bsp/\libucosii_bsp.a(alt_load.o)
                0x0000000004591044                alt_load
 .text          0x0000000004591198       0x8c ../lab5_bsp/\libucosii_bsp.a(alt_lseek.o)
                0x0000000004591198                lseek
 .text          0x0000000004591224       0xa8 ../lab5_bsp/\libucosii_bsp.a(alt_main.o)
                0x0000000004591224                alt_main
 .text          0x00000000045912cc       0xe4 ../lab5_bsp/\libucosii_bsp.a(alt_read.o)
                0x00000000045912cc                read
 .text          0x00000000045913b0       0x24 ../lab5_bsp/\libucosii_bsp.a(alt_release_fd.o)
                0x00000000045913b0                alt_release_fd
 .text          0x00000000045913d4       0x4c ../lab5_bsp/\libucosii_bsp.a(alt_sbrk.o)
                0x00000000045913d4                sbrk
 .text          0x0000000004591420       0xfc ../lab5_bsp/\libucosii_bsp.a(alt_tick.o)
                0x0000000004591420                alt_alarm_stop
                0x0000000004591458                alt_tick
 .text          0x000000000459151c       0xe0 ../lab5_bsp/\libucosii_bsp.a(alt_write.o)
                0x000000000459151c                write
 .text          0x00000000045915fc       0xb8 ../lab5_bsp/\libucosii_bsp.a(alt_env_lock.o)
                0x00000000045915fc                __env_lock
                0x000000000459167c                __env_unlock
 .text          0x00000000045916b4      0x120 ../lab5_bsp/\libucosii_bsp.a(alt_malloc_lock.o)
                0x00000000045916b4                __malloc_lock
                0x0000000004591760                __malloc_unlock
 .text          0x00000000045917d4     0x11e4 ../lab5_bsp/\libucosii_bsp.a(os_core.o)
                0x0000000004591810                OS_TaskIdle
                0x0000000004591844                OSIntEnter
                0x0000000004591880                OSIntExit
                0x000000000459192c                OSSchedLock
                0x0000000004591970                OSStart
                0x00000000045919c0                OSStatInit
                0x0000000004591a20                OSTimeTick
                0x0000000004591b40                OSVersion
                0x0000000004591b48                OS_Dummy
                0x0000000004591b4c                OS_EventTaskWait
                0x0000000004591bbc                OS_EventTaskWaitMulti
                0x0000000004591c44                OS_EventTaskRemove
                0x0000000004591c80                OS_EventTaskRemoveMulti
                0x0000000004591cd4                OS_EventTaskRdy
                0x0000000004591dc4                OS_EventWaitListInit
                0x0000000004591dd8                OS_MemClr
                0x0000000004591e04                OSInit
                0x0000000004592024                OS_MemCopy
                0x0000000004592058                OS_Sched
                0x00000000045920e4                OSEventPendMulti
                0x0000000004592488                OSSchedUnlock
                0x0000000004592500                OS_StrCopy
                0x0000000004592548                OSEventNameGet
                0x0000000004592604                OS_StrLen
                0x000000000459262c                OSEventNameSet
                0x0000000004592708                OS_TaskStatStkChk
                0x000000000459279c                OS_TaskStat
                0x0000000004592834                OS_TCBInit
 .text          0x00000000045929b8        0x4 ../lab5_bsp/\libucosii_bsp.a(os_dbg.o)
                0x00000000045929b8                OSDebugInit
 .text          0x00000000045929bc      0xde0 ../lab5_bsp/\libucosii_bsp.a(os_flag.o)
                0x0000000004592a68                OSFlagAccept
                0x0000000004592bfc                OSFlagCreate
                0x0000000004592c94                OSFlagNameGet
                0x0000000004592d58                OSFlagNameSet
                0x0000000004592e3c                OSFlagPendGetFlagsRdy
                0x0000000004592e64                OSFlagQuery
                0x0000000004592ec0                OS_FlagInit
                0x0000000004592f54                OS_FlagUnlink
                0x000000000459301c                OSFlagDel
                0x0000000004593194                OSFlagPost
                0x00000000045933f4                OSFlagPend
 .text          0x000000000459379c      0x448 ../lab5_bsp/\libucosii_bsp.a(os_mem.o)
                0x000000000459379c                OSMemCreate
                0x00000000045938b4                OSMemGet
                0x0000000004593920                OSMemNameGet
                0x00000000045939c4                OSMemNameSet
                0x0000000004593a8c                OSMemPut
                0x0000000004593af0                OSMemQuery
                0x0000000004593b5c                OS_MemInit
 .text          0x0000000004593be4      0xa78 ../lab5_bsp/\libucosii_bsp.a(os_q.o)
                0x0000000004593be4                OSQAccept
                0x0000000004593c84                OSQCreate
                0x0000000004593d94                OSQDel
                0x0000000004593f48                OSQFlush
                0x0000000004593f98                OSQPend
                0x0000000004594150                OSQPendAbort
                0x0000000004594264                OSQPost
                0x000000000459432c                OSQPostFront
                0x00000000045943f4                OSQPostOpt
                0x000000000459455c                OSQQuery
                0x00000000045945fc                OS_QInit
 .text          0x000000000459465c      0x66c ../lab5_bsp/\libucosii_bsp.a(os_sem.o)
                0x000000000459465c                OSSemAccept
                0x00000000045946a8                OSSemCreate
                0x000000000459473c                OSSemDel
                0x00000000045948c0                OSSemPend
                0x0000000004594a28                OSSemPendAbort
                0x0000000004594b3c                OSSemPost
                0x0000000004594be0                OSSemQuery
                0x0000000004594c58                OSSemSet
 .text          0x0000000004594cc8      0xfac ../lab5_bsp/\libucosii_bsp.a(os_task.o)
                0x0000000004594cc8                OSTaskChangePrio
                0x0000000004594f80                OSTaskCreate
                0x00000000045950a4                OSTaskDel
                0x0000000004595340                OSTaskDelReq
                0x0000000004595410                OSTaskNameGet
                0x000000000459552c                OSTaskNameSet
                0x0000000004595664                OSTaskResume
                0x0000000004595790                OSTaskStkChk
                0x0000000004595898                OSTaskSuspend
                0x00000000045959fc                OSTaskQuery
                0x0000000004595ac8                OS_TaskStkClr
                0x0000000004595aec                OSTaskCreateExt
 .text          0x0000000004595c74      0x320 ../lab5_bsp/\libucosii_bsp.a(os_time.o)
                0x0000000004595c74                OSTimeDly
                0x0000000004595d10                OSTimeDlyHMSM
                0x0000000004595e34                OSTimeDlyResume
                0x0000000004595f4c                OSTimeGet
                0x0000000004595f70                OSTimeSet
 .text          0x0000000004595f94       0x7c ../lab5_bsp/\libucosii_bsp.a(alt_sys_init.o)
                0x0000000004595f94                alt_irq_init
                0x0000000004595fb4                alt_sys_init
 .text          0x0000000004596010       0x98 ../lab5_bsp/\libucosii_bsp.a(altera_avalon_jtag_uart_fd.o)
                0x0000000004596010                altera_avalon_jtag_uart_read_fd
                0x0000000004596038                altera_avalon_jtag_uart_write_fd
                0x0000000004596060                altera_avalon_jtag_uart_close_fd
                0x0000000004596088                altera_avalon_jtag_uart_ioctl_fd
 .text          0x00000000045960a8      0x344 ../lab5_bsp/\libucosii_bsp.a(altera_avalon_jtag_uart_init.o)
                0x00000000045962e8                altera_avalon_jtag_uart_init
                0x00000000045963b0                altera_avalon_jtag_uart_close
 .text          0x00000000045963ec       0x88 ../lab5_bsp/\libucosii_bsp.a(altera_avalon_jtag_uart_ioctl.o)
                0x00000000045963ec                altera_avalon_jtag_uart_ioctl
 .text          0x0000000004596474      0x1bc ../lab5_bsp/\libucosii_bsp.a(altera_avalon_jtag_uart_read.o)
                0x0000000004596474                altera_avalon_jtag_uart_read
 .text          0x0000000004596630      0x1e4 ../lab5_bsp/\libucosii_bsp.a(altera_avalon_jtag_uart_write.o)
                0x0000000004596630                altera_avalon_jtag_uart_write
 .text          0x0000000004596814       0x94 ../lab5_bsp/\libucosii_bsp.a(altera_avalon_timer_sc.o)
                0x0000000004596850                alt_avalon_timer_sc_init
 .text          0x00000000045968a8       0x94 ../lab5_bsp/\libucosii_bsp.a(alt_alarm_start.o)
                0x00000000045968a8                alt_alarm_start
 .text          0x000000000459693c       0x80 ../lab5_bsp/\libucosii_bsp.a(alt_dev_llist_insert.o)
                0x000000000459693c                alt_dev_llist_insert
 .text          0x00000000045969bc       0x68 ../lab5_bsp/\libucosii_bsp.a(alt_do_ctors.o)
                0x00000000045969bc                _do_ctors
 .text          0x0000000004596a24       0x68 ../lab5_bsp/\libucosii_bsp.a(alt_do_dtors.o)
                0x0000000004596a24                _do_dtors
 .text          0x0000000004596a8c        0x0 ../lab5_bsp/\libucosii_bsp.a(alt_exception_entry.o)
 .text          0x0000000004596a8c       0x20 ../lab5_bsp/\libucosii_bsp.a(alt_icache_flush_all.o)
                0x0000000004596a8c                alt_icache_flush_all
 .text          0x0000000004596aac       0xfc ../lab5_bsp/\libucosii_bsp.a(alt_io_redirect.o)
                0x0000000004596b10                alt_io_redirect
 .text          0x0000000004596ba8      0x180 ../lab5_bsp/\libucosii_bsp.a(alt_open.o)
                0x0000000004596ba8                open
 .text          0x0000000004596d28        0x8 ../lab5_bsp/\libucosii_bsp.a(altera_nios2_qsys_irq.o)
                0x0000000004596d28                altera_nios2_qsys_irq_init
 .text          0x0000000004596d30       0xd0 ../lab5_bsp/\libucosii_bsp.a(os_cpu_a.o)
                0x0000000004596d30                OSCtxSw
                0x0000000004596d30                OSIntCtxSw
                0x0000000004596dbc                OSStartHighRdy
                0x0000000004596ddc                OSStartTsk
 .text          0x0000000004596e00      0x1ec ../lab5_bsp/\libucosii_bsp.a(os_cpu_c.o)
                0x0000000004596e00                OSTaskStkInit
                0x0000000004596fc8                OSTaskCreateHook
                0x0000000004596fcc                OSTaskDelHook
                0x0000000004596fd0                OSTaskSwHook
                0x0000000004596fd4                OSTaskStatHook
                0x0000000004596fd8                OSTimeTickHook
                0x0000000004596fdc                OSInitHookBegin
                0x0000000004596fe0                OSInitHookEnd
                0x0000000004596fe4                OSTaskIdleHook
                0x0000000004596fe8                OSTCBInitHook
 .text          0x0000000004596fec       0x80 ../lab5_bsp/\libucosii_bsp.a(alt_find_dev.o)
                0x0000000004596fec                alt_find_dev
 .text          0x000000000459706c       0xc8 ../lab5_bsp/\libucosii_bsp.a(alt_find_file.o)
                0x000000000459706c                alt_find_file
 .text          0x0000000004597134       0xcc ../lab5_bsp/\libucosii_bsp.a(alt_get_fd.o)
                0x0000000004597134                alt_get_fd
 .text          0x0000000004597200       0x58 ../lab5_bsp/\libucosii_bsp.a(alt_icache_flush.o)
                0x0000000004597200                alt_icache_flush
 .text          0x0000000004597258       0x14 c:/altera/14.1/nios2eds/bin/gnu/h-x86_64-mingw32/bin/../lib/gcc/nios2-elf/4.8.3/../../../../../H-x86_64-mingw32/nios2-elf/lib\libc.a(lib_a-atexit.o)
                0x0000000004597258                atexit
 .text          0x000000000459726c       0x38 c:/altera/14.1/nios2eds/bin/gnu/h-x86_64-mingw32/bin/../lib/gcc/nios2-elf/4.8.3/../../../../../H-x86_64-mingw32/nios2-elf/lib\libc.a(lib_a-exit.o)
                0x000000000459726c                exit
 .text          0x00000000045972a4       0x7c c:/altera/14.1/nios2eds/bin/gnu/h-x86_64-mingw32/bin/../lib/gcc/nios2-elf/4.8.3/../../../../../H-x86_64-mingw32/nios2-elf/lib\libc.a(lib_a-memcmp.o)
                0x00000000045972a4                memcmp
 .text          0x0000000004597320      0x11c c:/altera/14.1/nios2eds/bin/gnu/h-x86_64-mingw32/bin/../lib/gcc/nios2-elf/4.8.3/../../../../../H-x86_64-mingw32/nios2-elf/lib\libc.a(lib_a-__atexit.o)
                0x0000000004597320                __register_exitproc
 .text          0x000000000459743c      0x1a4 c:/altera/14.1/nios2eds/bin/gnu/h-x86_64-mingw32/bin/../lib/gcc/nios2-elf/4.8.3/../../../../../H-x86_64-mingw32/nios2-elf/lib\libc.a(lib_a-__call_atexit.o)
                0x000000000459743c                __call_exitprocs
 .text          0x00000000045975e0       0x20 ../lab5_bsp/\libucosii_bsp.a(alt_exit.o)
                0x00000000045975e0                _exit
 *(.gnu.warning.*)
 *(.fini)
                0x0000000004597600                PROVIDE (__etext, ABSOLUTE (.))
                0x0000000004597600                PROVIDE (_etext, ABSOLUTE (.))
                0x0000000004597600                PROVIDE (etext, ABSOLUTE (.))
 *(.eh_frame_hdr)
                0x0000000004597600                . = ALIGN (0x4)
                0x0000000004597600                PROVIDE (__preinit_array_start, ABSOLUTE (.))
 *(.preinit_array)
                0x0000000004597600                PROVIDE (__preinit_array_end, ABSOLUTE (.))
                0x0000000004597600                PROVIDE (__init_array_start, ABSOLUTE (.))
 *(.init_array)
                0x0000000004597600                PROVIDE (__init_array_end, ABSOLUTE (.))
                0x0000000004597600                PROVIDE (__fini_array_start, ABSOLUTE (.))
 *(.fini_array)
                0x0000000004597600                PROVIDE (__fini_array_end, ABSOLUTE (.))
 *(.eh_frame)
 *(.gcc_except_table .gcc_except_table.*)
 *(.dynamic)
                0x0000000004597600                PROVIDE (__CTOR_LIST__, ABSOLUTE (.))
 *(.ctors)
 *(SORT(.ctors.*))
                0x0000000004597600                PROVIDE (__CTOR_END__, ABSOLUTE (.))
                0x0000000004597600                PROVIDE (__DTOR_LIST__, ABSOLUTE (.))
 *(.dtors)
 *(SORT(.dtors.*))
                0x0000000004597600                PROVIDE (__DTOR_END__, ABSOLUTE (.))
 *(.jcr)
                0x0000000004597600                . = ALIGN (0x4)

.rodata         0x0000000004597600   0x1973b8
                0x0000000004597600                PROVIDE (__ram_rodata_start, ABSOLUTE (.))
                0x0000000004597600                . = ALIGN (0x4)
 *(.rodata .rodata.* .gnu.linkonce.r.*)
 .rodata        0x0000000004597600     0x77f2 obj/default/fonts/tahomabold_20.o
 .rodata        0x000000000459edf2    0x12520 obj/default/fonts/tahomabold_32.o
 *fill*         0x00000000045b1312        0x2 
 .rodata.str1.4
                0x00000000045b1314        0xe obj/default/graphic_lib/draw_gimps.o
                                         0x10 (size before relaxing)
 *fill*         0x00000000045b1322        0x2 
 .rodata.str1.4
                0x00000000045b1324       0x2f obj/default/hello_ucosii.o
                                         0x30 (size before relaxing)
 *fill*         0x00000000045b1353        0x1 
 .rodata        0x00000000045b1354     0x28cc obj/default/imagenes/back_down.o
                0x00000000045b1354                back_down
 .rodata        0x00000000045b3c20     0x28cc obj/default/imagenes/back_up.o
                0x00000000045b3c20                back_up
 .rodata        0x00000000045b64ec     0x28cc obj/default/imagenes/ford_down.o
                0x00000000045b64ec                ford_down
 .rodata        0x00000000045b8db8     0x28cc obj/default/imagenes/ford_up.o
                0x00000000045b8db8                ford_up
 .rodata        0x00000000045bb684     0x8dd0 obj/default/imagenes/pause_down.o
                0x00000000045bb684                pause_down
 .rodata        0x00000000045c4454     0x8dd0 obj/default/imagenes/pause_up.o
                0x00000000045c4454                pause_up
 .rodata        0x00000000045cd224     0x7820 obj/default/imagenes/play_down.o
                0x00000000045cd224                play_down
 .rodata        0x00000000045d4a44     0x7820 obj/default/imagenes/play_up.o
                0x00000000045d4a44                play_up
 .rodata        0x00000000045dc264     0x7f88 obj/default/imagenes/stop_down.o
                0x00000000045dc264                stop_down
 .rodata        0x00000000045e41ec     0x7f88 obj/default/imagenes/stop_up.o
                0x00000000045e41ec                stop_up
 .rodata        0x00000000045ec174   0x142440 obj/default/song/song.o
                0x00000000045ec174                song
 .rodata.str1.4
                0x000000000472e5b4       0x42 c:/altera/14.1/nios2eds/bin/gnu/h-x86_64-mingw32/bin/../lib/gcc/nios2-elf/4.8.3/../../../../../H-x86_64-mingw32/nios2-elf/lib\libc.a(lib_a-vfprintf.o)
                                         0x44 (size before relaxing)
 .rodata        0x000000000472e5f6       0x20 c:/altera/14.1/nios2eds/bin/gnu/h-x86_64-mingw32/bin/../lib/gcc/nios2-elf/4.8.3/../../../../../H-x86_64-mingw32/nios2-elf/lib\libc.a(lib_a-vfprintf.o)
 *fill*         0x000000000472e616        0x2 
 .rodata.str1.4
                0x000000000472e618       0x10 c:/altera/14.1/nios2eds/bin/gnu/h-x86_64-mingw32/bin/../lib/gcc/nios2-elf/4.8.3/../../../../../H-x86_64-mingw32/nios2-elf/lib\libc.a(lib_a-dtoa.o)
                                         0x14 (size before relaxing)
 .rodata.str1.4
                0x000000000472e628        0x2 c:/altera/14.1/nios2eds/bin/gnu/h-x86_64-mingw32/bin/../lib/gcc/nios2-elf/4.8.3/../../../../../H-x86_64-mingw32/nios2-elf/lib\libc.a(lib_a-impure.o)
                                          0x4 (size before relaxing)
 *fill*         0x000000000472e62a        0x2 
 .rodata.str1.4
                0x000000000472e62c        0xa c:/altera/14.1/nios2eds/bin/gnu/h-x86_64-mingw32/bin/../lib/gcc/nios2-elf/4.8.3/../../../../../H-x86_64-mingw32/nios2-elf/lib\libc.a(lib_a-locale.o)
                                         0x14 (size before relaxing)
 *fill*         0x000000000472e636        0x2 
 .rodata        0x000000000472e638      0x124 c:/altera/14.1/nios2eds/bin/gnu/h-x86_64-mingw32/bin/../lib/gcc/nios2-elf/4.8.3/../../../../../H-x86_64-mingw32/nios2-elf/lib\libc.a(lib_a-mprec.o)
                0x000000000472e644                __mprec_tinytens
                0x000000000472e66c                __mprec_bigtens
                0x000000000472e694                __mprec_tens
 .rodata.str1.4
                0x0000000000000000       0x30 c:/altera/14.1/nios2eds/bin/gnu/h-x86_64-mingw32/bin/../lib/gcc/nios2-elf/4.8.3/../../../../../H-x86_64-mingw32/nios2-elf/lib\libc.a(lib_a-vfiprintf.o)
 .rodata        0x000000000472e75c       0x20 c:/altera/14.1/nios2eds/bin/gnu/h-x86_64-mingw32/bin/../lib/gcc/nios2-elf/4.8.3/../../../../../H-x86_64-mingw32/nios2-elf/lib\libc.a(lib_a-vfiprintf.o)
 .rodata        0x000000000472e77c      0x100 c:/altera/14.1/nios2eds/bin/gnu/h-x86_64-mingw32/bin/../lib/gcc/nios2-elf/4.8.3\libgcc.a(_clz.o)
                0x000000000472e77c                __clz_tab
 .rodata.str1.4
                0x000000000472e87c        0xa ../lab5_bsp/\libucosii_bsp.a(alt_dev.o)
                                          0xc (size before relaxing)
 *fill*         0x000000000472e886        0x2 
 .rodata.str1.4
                0x000000000472e888        0xf ../lab5_bsp/\libucosii_bsp.a(alt_main.o)
                                         0x10 (size before relaxing)
 *fill*         0x000000000472e897        0x1 
 .rodata.str1.4
                0x000000000472e898       0x20 ../lab5_bsp/\libucosii_bsp.a(os_core.o)
 .rodata        0x000000000472e8b8      0x100 ../lab5_bsp/\libucosii_bsp.a(os_core.o)
                0x000000000472e8b8                OSUnMapTbl
 .rodata.str1.4
                0x0000000000000000       0x10 ../lab5_bsp/\libucosii_bsp.a(alt_sys_init.o)
 .rodata.str1.4
                0x0000000000000000        0x4 ../lab5_bsp/\libucosii_bsp.a(os_cpu_c.o)
 *(.rodata1)
                0x000000000472e9b8                . = ALIGN (0x4)
                0x000000000472e9b8                PROVIDE (__ram_rodata_end, ABSOLUTE (.))
                0x0000000004597600                PROVIDE (__flash_rodata_start, LOADADDR (.rodata))

.rwdata         0x000000000472e9b8     0x3718 load address 0x00000000047320d0
                0x000000000472e9b8                PROVIDE (__ram_rwdata_start, ABSOLUTE (.))
                0x000000000472e9b8                . = ALIGN (0x4)
 *(.got.plt)
 *(.got)
 *(.data1)
 *(.data .data.* .gnu.linkonce.d.*)
 .data          0x000000000472e9b8        0x0 ../lab5_bsp//obj/HAL/src/crt0.o
 .data          0x000000000472e9b8        0x0 obj/default/drivers/drivers.o
 .data          0x000000000472e9b8      0xbc0 obj/default/fonts/tahomabold_20.o
                0x000000000472e9b8                tahomabold_20
 .data          0x000000000472f578      0xbc0 obj/default/fonts/tahomabold_32.o
                0x000000000472f578                tahomabold_32
 .data          0x0000000004730138        0x0 obj/default/frame.o
 .data          0x0000000004730138        0x0 obj/default/graphic_lib/draw_gimps.o
 .data          0x0000000004730138        0x0 obj/default/graphic_lib/gimp_bmp.o
 .data          0x0000000004730138      0x415 obj/default/graphic_lib/simple_graphics.o
                0x0000000004730138                cour10_font_array
 .data          0x000000000473054d        0x0 obj/default/graphic_lib/simple_text.o
 .data          0x000000000473054d        0x0 obj/default/hello_ucosii.o
 .data          0x000000000473054d        0x0 obj/default/imagenes/back_down.o
 .data          0x000000000473054d        0x0 obj/default/imagenes/back_up.o
 .data          0x000000000473054d        0x0 obj/default/imagenes/ford_down.o
 .data          0x000000000473054d        0x0 obj/default/imagenes/ford_up.o
 .data          0x000000000473054d        0x0 obj/default/imagenes/pause_down.o
 .data          0x000000000473054d        0x0 obj/default/imagenes/pause_up.o
 .data          0x000000000473054d        0x0 obj/default/imagenes/play_down.o
 .data          0x000000000473054d        0x0 obj/default/imagenes/play_up.o
 .data          0x000000000473054d        0x0 obj/default/imagenes/stop_down.o
 .data          0x000000000473054d        0x0 obj/default/imagenes/stop_up.o
 .data          0x000000000473054d        0x0 obj/default/song/song.o
 .data          0x000000000473054d        0x0 obj/default/student_code/student_code.o
 .data          0x000000000473054d        0x0 obj/default/vip_fr.o
 .data          0x000000000473054d        0x0 c:/altera/14.1/nios2eds/bin/gnu/h-x86_64-mingw32/bin/../lib/gcc/nios2-elf/4.8.3\libgcc.a(lib2-divmod.o)
 .data          0x000000000473054d        0x0 c:/altera/14.1/nios2eds/bin/gnu/h-x86_64-mingw32/bin/../lib/gcc/nios2-elf/4.8.3\libgcc.a(fixsfsi.o)
 .data          0x000000000473054d        0x0 c:/altera/14.1/nios2eds/bin/gnu/h-x86_64-mingw32/bin/../lib/gcc/nios2-elf/4.8.3/../../../../../H-x86_64-mingw32/nios2-elf/lib\libc.a(lib_a-malloc.o)
 *fill*         0x000000000473054d        0x3 
 .data          0x0000000004730550      0x408 c:/altera/14.1/nios2eds/bin/gnu/h-x86_64-mingw32/bin/../lib/gcc/nios2-elf/4.8.3/../../../../../H-x86_64-mingw32/nios2-elf/lib\libc.a(lib_a-mallocr.o)
                0x0000000004730550                __malloc_av_
 .data          0x0000000004730958        0x0 c:/altera/14.1/nios2eds/bin/gnu/h-x86_64-mingw32/bin/../lib/gcc/nios2-elf/4.8.3/../../../../../H-x86_64-mingw32/nios2-elf/lib\libc.a(lib_a-memcpy.o)
 .data          0x0000000004730958        0x0 c:/altera/14.1/nios2eds/bin/gnu/h-x86_64-mingw32/bin/../lib/gcc/nios2-elf/4.8.3/../../../../../H-x86_64-mingw32/nios2-elf/lib\libc.a(lib_a-memset.o)
 .data          0x0000000004730958        0x0 c:/altera/14.1/nios2eds/bin/gnu/h-x86_64-mingw32/bin/../lib/gcc/nios2-elf/4.8.3/../../../../../H-x86_64-mingw32/nios2-elf/lib\libc.a(lib_a-printf.o)
 .data          0x0000000004730958        0x0 c:/altera/14.1/nios2eds/bin/gnu/h-x86_64-mingw32/bin/../lib/gcc/nios2-elf/4.8.3/../../../../../H-x86_64-mingw32/nios2-elf/lib\libc.a(lib_a-sbrkr.o)
 .data          0x0000000004730958        0x0 c:/altera/14.1/nios2eds/bin/gnu/h-x86_64-mingw32/bin/../lib/gcc/nios2-elf/4.8.3/../../../../../H-x86_64-mingw32/nios2-elf/lib\libc.a(lib_a-strcpy.o)
 .data          0x0000000004730958        0x0 c:/altera/14.1/nios2eds/bin/gnu/h-x86_64-mingw32/bin/../lib/gcc/nios2-elf/4.8.3/../../../../../H-x86_64-mingw32/nios2-elf/lib\libc.a(lib_a-strlen.o)
 .data          0x0000000004730958        0x0 c:/altera/14.1/nios2eds/bin/gnu/h-x86_64-mingw32/bin/../lib/gcc/nios2-elf/4.8.3/../../../../../H-x86_64-mingw32/nios2-elf/lib\libc.a(lib_a-vfprintf.o)
 .data          0x0000000004730958        0x0 c:/altera/14.1/nios2eds/bin/gnu/h-x86_64-mingw32/bin/../lib/gcc/nios2-elf/4.8.3/../../../../../H-x86_64-mingw32/nios2-elf/lib\libc.a(lib_a-wsetup.o)
 .data          0x0000000004730958        0x0 c:/altera/14.1/nios2eds/bin/gnu/h-x86_64-mingw32/bin/../lib/gcc/nios2-elf/4.8.3/../../../../../H-x86_64-mingw32/nios2-elf/lib\libc.a(lib_a-dtoa.o)
 .data          0x0000000004730958        0x0 c:/altera/14.1/nios2eds/bin/gnu/h-x86_64-mingw32/bin/../lib/gcc/nios2-elf/4.8.3/../../../../../H-x86_64-mingw32/nios2-elf/lib\libc.a(lib_a-fflush.o)
 .data          0x0000000004730958        0x0 c:/altera/14.1/nios2eds/bin/gnu/h-x86_64-mingw32/bin/../lib/gcc/nios2-elf/4.8.3/../../../../../H-x86_64-mingw32/nios2-elf/lib\libc.a(lib_a-findfp.o)
 .data          0x0000000004730958        0x0 c:/altera/14.1/nios2eds/bin/gnu/h-x86_64-mingw32/bin/../lib/gcc/nios2-elf/4.8.3/../../../../../H-x86_64-mingw32/nios2-elf/lib\libc.a(lib_a-freer.o)
 .data          0x0000000004730958        0x0 c:/altera/14.1/nios2eds/bin/gnu/h-x86_64-mingw32/bin/../lib/gcc/nios2-elf/4.8.3/../../../../../H-x86_64-mingw32/nios2-elf/lib\libc.a(lib_a-fwalk.o)
 .data          0x0000000004730958      0x424 c:/altera/14.1/nios2eds/bin/gnu/h-x86_64-mingw32/bin/../lib/gcc/nios2-elf/4.8.3/../../../../../H-x86_64-mingw32/nios2-elf/lib\libc.a(lib_a-impure.o)
 .data          0x0000000004730d7c        0x0 c:/altera/14.1/nios2eds/bin/gnu/h-x86_64-mingw32/bin/../lib/gcc/nios2-elf/4.8.3/../../../../../H-x86_64-mingw32/nios2-elf/lib\libc.a(lib_a-int_errno.o)
 .data          0x0000000004730d7c       0x78 c:/altera/14.1/nios2eds/bin/gnu/h-x86_64-mingw32/bin/../lib/gcc/nios2-elf/4.8.3/../../../../../H-x86_64-mingw32/nios2-elf/lib\libc.a(lib_a-locale.o)
 .data          0x0000000004730df4        0x0 c:/altera/14.1/nios2eds/bin/gnu/h-x86_64-mingw32/bin/../lib/gcc/nios2-elf/4.8.3/../../../../../H-x86_64-mingw32/nios2-elf/lib\libc.a(lib_a-makebuf.o)
 .data          0x0000000004730df4        0x0 c:/altera/14.1/nios2eds/bin/gnu/h-x86_64-mingw32/bin/../lib/gcc/nios2-elf/4.8.3/../../../../../H-x86_64-mingw32/nios2-elf/lib\libc.a(lib_a-memchr.o)
 .data          0x0000000004730df4        0x0 c:/altera/14.1/nios2eds/bin/gnu/h-x86_64-mingw32/bin/../lib/gcc/nios2-elf/4.8.3/../../../../../H-x86_64-mingw32/nios2-elf/lib\libc.a(lib_a-mprec.o)
 .data          0x0000000004730df4        0x0 c:/altera/14.1/nios2eds/bin/gnu/h-x86_64-mingw32/bin/../lib/gcc/nios2-elf/4.8.3/../../../../../H-x86_64-mingw32/nios2-elf/lib\libc.a(lib_a-s_fpclassify.o)
 .data          0x0000000004730df4        0x0 c:/altera/14.1/nios2eds/bin/gnu/h-x86_64-mingw32/bin/../lib/gcc/nios2-elf/4.8.3/../../../../../H-x86_64-mingw32/nios2-elf/lib\libc.a(lib_a-stdio.o)
 .data          0x0000000004730df4        0x0 c:/altera/14.1/nios2eds/bin/gnu/h-x86_64-mingw32/bin/../lib/gcc/nios2-elf/4.8.3/../../../../../H-x86_64-mingw32/nios2-elf/lib\libc.a(lib_a-strcmp.o)
 .data          0x0000000004730df4        0x0 c:/altera/14.1/nios2eds/bin/gnu/h-x86_64-mingw32/bin/../lib/gcc/nios2-elf/4.8.3/../../../../../H-x86_64-mingw32/nios2-elf/lib\libc.a(lib_a-vfiprintf.o)
 .data          0x0000000004730df4        0x0 c:/altera/14.1/nios2eds/bin/gnu/h-x86_64-mingw32/bin/../lib/gcc/nios2-elf/4.8.3/../../../../../H-x86_64-mingw32/nios2-elf/lib\libc.a(lib_a-writer.o)
 .data          0x0000000004730df4        0x0 c:/altera/14.1/nios2eds/bin/gnu/h-x86_64-mingw32/bin/../lib/gcc/nios2-elf/4.8.3/../../../../../H-x86_64-mingw32/nios2-elf/lib\libc.a(closer.o)
 .data          0x0000000004730df4        0x0 c:/altera/14.1/nios2eds/bin/gnu/h-x86_64-mingw32/bin/../lib/gcc/nios2-elf/4.8.3/../../../../../H-x86_64-mingw32/nios2-elf/lib\libc.a(lib_a-callocr.o)
 .data          0x0000000004730df4        0x0 c:/altera/14.1/nios2eds/bin/gnu/h-x86_64-mingw32/bin/../lib/gcc/nios2-elf/4.8.3/../../../../../H-x86_64-mingw32/nios2-elf/lib\libc.a(lib_a-fclose.o)
 .data          0x0000000004730df4        0x0 c:/altera/14.1/nios2eds/bin/gnu/h-x86_64-mingw32/bin/../lib/gcc/nios2-elf/4.8.3/../../../../../H-x86_64-mingw32/nios2-elf/lib\libc.a(lib_a-fputwc.o)
 .data          0x0000000004730df4        0x0 c:/altera/14.1/nios2eds/bin/gnu/h-x86_64-mingw32/bin/../lib/gcc/nios2-elf/4.8.3/../../../../../H-x86_64-mingw32/nios2-elf/lib\libc.a(lib_a-fstatr.o)
 .data          0x0000000004730df4        0x0 c:/altera/14.1/nios2eds/bin/gnu/h-x86_64-mingw32/bin/../lib/gcc/nios2-elf/4.8.3/../../../../../H-x86_64-mingw32/nios2-elf/lib\libc.a(lib_a-fvwrite.o)
 .data          0x0000000004730df4        0x0 c:/altera/14.1/nios2eds/bin/gnu/h-x86_64-mingw32/bin/../lib/gcc/nios2-elf/4.8.3/../../../../../H-x86_64-mingw32/nios2-elf/lib\libc.a(lib_a-isattyr.o)
 .data          0x0000000004730df4        0x0 c:/altera/14.1/nios2eds/bin/gnu/h-x86_64-mingw32/bin/../lib/gcc/nios2-elf/4.8.3/../../../../../H-x86_64-mingw32/nios2-elf/lib\libc.a(lib_a-lseekr.o)
 .data          0x0000000004730df4        0x0 c:/altera/14.1/nios2eds/bin/gnu/h-x86_64-mingw32/bin/../lib/gcc/nios2-elf/4.8.3/../../../../../H-x86_64-mingw32/nios2-elf/lib\libc.a(lib_a-memmove.o)
 .data          0x0000000004730df4        0x0 c:/altera/14.1/nios2eds/bin/gnu/h-x86_64-mingw32/bin/../lib/gcc/nios2-elf/4.8.3/../../../../../H-x86_64-mingw32/nios2-elf/lib\libc.a(lib_a-readr.o)
 .data          0x0000000004730df4        0x0 c:/altera/14.1/nios2eds/bin/gnu/h-x86_64-mingw32/bin/../lib/gcc/nios2-elf/4.8.3/../../../../../H-x86_64-mingw32/nios2-elf/lib\libc.a(lib_a-reallocr.o)
 .data          0x0000000004730df4        0x0 c:/altera/14.1/nios2eds/bin/gnu/h-x86_64-mingw32/bin/../lib/gcc/nios2-elf/4.8.3/../../../../../H-x86_64-mingw32/nios2-elf/lib\libc.a(lib_a-wbuf.o)
 .data          0x0000000004730df4        0x0 c:/altera/14.1/nios2eds/bin/gnu/h-x86_64-mingw32/bin/../lib/gcc/nios2-elf/4.8.3/../../../../../H-x86_64-mingw32/nios2-elf/lib\libc.a(lib_a-wcrtomb.o)
 .data          0x0000000004730df4        0x0 c:/altera/14.1/nios2eds/bin/gnu/h-x86_64-mingw32/bin/../lib/gcc/nios2-elf/4.8.3/../../../../../H-x86_64-mingw32/nios2-elf/lib\libc.a(lib_a-wctomb_r.o)
 .data          0x0000000004730df4        0x0 c:/altera/14.1/nios2eds/bin/gnu/h-x86_64-mingw32/bin/../lib/gcc/nios2-elf/4.8.3\libgcc.a(_udivdi3.o)
 .data          0x0000000004730df4        0x0 c:/altera/14.1/nios2eds/bin/gnu/h-x86_64-mingw32/bin/../lib/gcc/nios2-elf/4.8.3\libgcc.a(_umoddi3.o)
 .data          0x0000000004730df4        0x0 c:/altera/14.1/nios2eds/bin/gnu/h-x86_64-mingw32/bin/../lib/gcc/nios2-elf/4.8.3\libgcc.a(adddf3.o)
 .data          0x0000000004730df4        0x0 c:/altera/14.1/nios2eds/bin/gnu/h-x86_64-mingw32/bin/../lib/gcc/nios2-elf/4.8.3\libgcc.a(divdf3.o)
 .data          0x0000000004730df4        0x0 c:/altera/14.1/nios2eds/bin/gnu/h-x86_64-mingw32/bin/../lib/gcc/nios2-elf/4.8.3\libgcc.a(eqdf2.o)
 .data          0x0000000004730df4        0x0 c:/altera/14.1/nios2eds/bin/gnu/h-x86_64-mingw32/bin/../lib/gcc/nios2-elf/4.8.3\libgcc.a(gedf2.o)
 .data          0x0000000004730df4        0x0 c:/altera/14.1/nios2eds/bin/gnu/h-x86_64-mingw32/bin/../lib/gcc/nios2-elf/4.8.3\libgcc.a(ledf2.o)
 .data          0x0000000004730df4        0x0 c:/altera/14.1/nios2eds/bin/gnu/h-x86_64-mingw32/bin/../lib/gcc/nios2-elf/4.8.3\libgcc.a(muldf3.o)
 .data          0x0000000004730df4        0x0 c:/altera/14.1/nios2eds/bin/gnu/h-x86_64-mingw32/bin/../lib/gcc/nios2-elf/4.8.3\libgcc.a(subdf3.o)
 .data          0x0000000004730df4        0x0 c:/altera/14.1/nios2eds/bin/gnu/h-x86_64-mingw32/bin/../lib/gcc/nios2-elf/4.8.3\libgcc.a(fixdfsi.o)
 .data          0x0000000004730df4        0x0 c:/altera/14.1/nios2eds/bin/gnu/h-x86_64-mingw32/bin/../lib/gcc/nios2-elf/4.8.3\libgcc.a(floatsidf.o)
 .data          0x0000000004730df4        0x0 c:/altera/14.1/nios2eds/bin/gnu/h-x86_64-mingw32/bin/../lib/gcc/nios2-elf/4.8.3\libgcc.a(floatunsidf.o)
 .data          0x0000000004730df4        0x0 c:/altera/14.1/nios2eds/bin/gnu/h-x86_64-mingw32/bin/../lib/gcc/nios2-elf/4.8.3\libgcc.a(_clz.o)
 .data          0x0000000004730df4        0x0 c:/altera/14.1/nios2eds/bin/gnu/h-x86_64-mingw32/bin/../lib/gcc/nios2-elf/4.8.3\libgcc.a(_clzsi2.o)
 .data          0x0000000004730df4        0x0 ../lab5_bsp/\libucosii_bsp.a(alt_close.o)
 .data          0x0000000004730df4        0x0 ../lab5_bsp/\libucosii_bsp.a(alt_dcache_flush_all.o)
 .data          0x0000000004730df4      0x1a8 ../lab5_bsp/\libucosii_bsp.a(alt_dev.o)
                0x0000000004730df4                alt_fd_list
                0x0000000004730f74                alt_dev_null
 .data          0x0000000004730f9c        0x0 ../lab5_bsp/\libucosii_bsp.a(alt_errno.o)
 .data          0x0000000004730f9c        0x0 ../lab5_bsp/\libucosii_bsp.a(alt_fstat.o)
 .data          0x0000000004730f9c        0x0 ../lab5_bsp/\libucosii_bsp.a(alt_iic.o)
 .data          0x0000000004730f9c        0x0 ../lab5_bsp/\libucosii_bsp.a(alt_iic_isr_register.o)
 .data          0x0000000004730f9c        0x0 ../lab5_bsp/\libucosii_bsp.a(alt_irq_entry.o)
 .data          0x0000000004730f9c        0x0 ../lab5_bsp/\libucosii_bsp.a(alt_irq_handler.o)
 .data          0x0000000004730f9c        0x0 ../lab5_bsp/\libucosii_bsp.a(alt_irq_vars.o)
 .data          0x0000000004730f9c        0x0 ../lab5_bsp/\libucosii_bsp.a(alt_isatty.o)
 .data          0x0000000004730f9c        0x0 ../lab5_bsp/\libucosii_bsp.a(alt_load.o)
 .data          0x0000000004730f9c        0x0 ../lab5_bsp/\libucosii_bsp.a(alt_lseek.o)
 .data          0x0000000004730f9c        0x0 ../lab5_bsp/\libucosii_bsp.a(alt_main.o)
 .data          0x0000000004730f9c        0x0 ../lab5_bsp/\libucosii_bsp.a(alt_read.o)
 .data          0x0000000004730f9c        0x0 ../lab5_bsp/\libucosii_bsp.a(alt_release_fd.o)
 .data          0x0000000004730f9c        0x0 ../lab5_bsp/\libucosii_bsp.a(alt_sbrk.o)
 .data          0x0000000004730f9c        0x0 ../lab5_bsp/\libucosii_bsp.a(alt_tick.o)
 .data          0x0000000004730f9c        0x0 ../lab5_bsp/\libucosii_bsp.a(alt_write.o)
 .data          0x0000000004730f9c        0x0 ../lab5_bsp/\libucosii_bsp.a(alt_env_lock.o)
 .data          0x0000000004730f9c        0x0 ../lab5_bsp/\libucosii_bsp.a(alt_malloc_lock.o)
 .data          0x0000000004730f9c        0x0 ../lab5_bsp/\libucosii_bsp.a(os_core.o)
 .data          0x0000000004730f9c        0x0 ../lab5_bsp/\libucosii_bsp.a(os_dbg.o)
 .data          0x0000000004730f9c        0x0 ../lab5_bsp/\libucosii_bsp.a(os_flag.o)
 .data          0x0000000004730f9c        0x0 ../lab5_bsp/\libucosii_bsp.a(os_mem.o)
 .data          0x0000000004730f9c        0x0 ../lab5_bsp/\libucosii_bsp.a(os_q.o)
 .data          0x0000000004730f9c        0x0 ../lab5_bsp/\libucosii_bsp.a(os_sem.o)
 .data          0x0000000004730f9c        0x0 ../lab5_bsp/\libucosii_bsp.a(os_task.o)
 .data          0x0000000004730f9c        0x0 ../lab5_bsp/\libucosii_bsp.a(os_time.o)
 .data          0x0000000004730f9c     0x106c ../lab5_bsp/\libucosii_bsp.a(alt_sys_init.o)
 .data          0x0000000004732008        0x0 ../lab5_bsp/\libucosii_bsp.a(altera_avalon_jtag_uart_fd.o)
 .data          0x0000000004732008        0x0 ../lab5_bsp/\libucosii_bsp.a(altera_avalon_jtag_uart_init.o)
 .data          0x0000000004732008        0x0 ../lab5_bsp/\libucosii_bsp.a(altera_avalon_jtag_uart_ioctl.o)
 .data          0x0000000004732008        0x0 ../lab5_bsp/\libucosii_bsp.a(altera_avalon_jtag_uart_read.o)
 .data          0x0000000004732008        0x0 ../lab5_bsp/\libucosii_bsp.a(altera_avalon_jtag_uart_write.o)
 .data          0x0000000004732008        0x0 ../lab5_bsp/\libucosii_bsp.a(altera_avalon_timer_sc.o)
 .data          0x0000000004732008        0x0 ../lab5_bsp/\libucosii_bsp.a(alt_alarm_start.o)
 .data          0x0000000004732008        0x0 ../lab5_bsp/\libucosii_bsp.a(alt_dev_llist_insert.o)
 .data          0x0000000004732008        0x0 ../lab5_bsp/\libucosii_bsp.a(alt_do_ctors.o)
 .data          0x0000000004732008        0x0 ../lab5_bsp/\libucosii_bsp.a(alt_do_dtors.o)
 .data          0x0000000004732008        0x0 ../lab5_bsp/\libucosii_bsp.a(alt_exception_entry.o)
 .data          0x0000000004732008        0x0 ../lab5_bsp/\libucosii_bsp.a(alt_icache_flush_all.o)
 .data          0x0000000004732008        0x0 ../lab5_bsp/\libucosii_bsp.a(alt_io_redirect.o)
 .data          0x0000000004732008        0x0 ../lab5_bsp/\libucosii_bsp.a(alt_open.o)
 .data          0x0000000004732008        0x0 ../lab5_bsp/\libucosii_bsp.a(altera_nios2_qsys_irq.o)
 .data          0x0000000004732008        0x0 ../lab5_bsp/\libucosii_bsp.a(os_cpu_a.o)
 .data          0x0000000004732008        0x0 ../lab5_bsp/\libucosii_bsp.a(os_cpu_c.o)
 .data          0x0000000004732008        0x0 ../lab5_bsp/\libucosii_bsp.a(alt_find_dev.o)
 .data          0x0000000004732008        0x0 ../lab5_bsp/\libucosii_bsp.a(alt_find_file.o)
 .data          0x0000000004732008        0x0 ../lab5_bsp/\libucosii_bsp.a(alt_get_fd.o)
 .data          0x0000000004732008        0x0 ../lab5_bsp/\libucosii_bsp.a(alt_icache_flush.o)
 .data          0x0000000004732008        0x0 c:/altera/14.1/nios2eds/bin/gnu/h-x86_64-mingw32/bin/../lib/gcc/nios2-elf/4.8.3/../../../../../H-x86_64-mingw32/nios2-elf/lib\libc.a(lib_a-atexit.o)
 .data          0x0000000004732008        0x0 c:/altera/14.1/nios2eds/bin/gnu/h-x86_64-mingw32/bin/../lib/gcc/nios2-elf/4.8.3/../../../../../H-x86_64-mingw32/nios2-elf/lib\libc.a(lib_a-exit.o)
 .data          0x0000000004732008        0x0 c:/altera/14.1/nios2eds/bin/gnu/h-x86_64-mingw32/bin/../lib/gcc/nios2-elf/4.8.3/../../../../../H-x86_64-mingw32/nios2-elf/lib\libc.a(lib_a-memcmp.o)
 .data          0x0000000004732008        0x0 c:/altera/14.1/nios2eds/bin/gnu/h-x86_64-mingw32/bin/../lib/gcc/nios2-elf/4.8.3/../../../../../H-x86_64-mingw32/nios2-elf/lib\libc.a(lib_a-__atexit.o)
 .data          0x0000000004732008        0x0 c:/altera/14.1/nios2eds/bin/gnu/h-x86_64-mingw32/bin/../lib/gcc/nios2-elf/4.8.3/../../../../../H-x86_64-mingw32/nios2-elf/lib\libc.a(lib_a-__call_atexit.o)
 .data          0x0000000004732008        0x0 ../lab5_bsp/\libucosii_bsp.a(alt_exit.o)
                0x000000000473a008                _gp = ABSOLUTE ((. + 0x8000))
                0x000000000473a008                PROVIDE (gp, _gp)
 *(.rwdata .rwdata.*)
 *(.sdata .sdata.* .gnu.linkonce.s.*)
 .sdata         0x0000000004732008        0x4 obj/default/graphic_lib/simple_graphics.o
                0x0000000004732008                cour10_font
 .sdata         0x000000000473200c        0x4 obj/default/hello_ucosii.o
                0x000000000473200c                freq_reader
 .sdata         0x0000000004732010        0x4 obj/default/song/song.o
                0x0000000004732010                size_song
 .sdata         0x0000000004732014        0x8 c:/altera/14.1/nios2eds/bin/gnu/h-x86_64-mingw32/bin/../lib/gcc/nios2-elf/4.8.3/../../../../../H-x86_64-mingw32/nios2-elf/lib\libc.a(lib_a-mallocr.o)
                0x0000000004732014                __malloc_sbrk_base
                0x0000000004732018                __malloc_trim_threshold
 .sdata         0x000000000473201c        0x8 c:/altera/14.1/nios2eds/bin/gnu/h-x86_64-mingw32/bin/../lib/gcc/nios2-elf/4.8.3/../../../../../H-x86_64-mingw32/nios2-elf/lib\libc.a(lib_a-impure.o)
                0x000000000473201c                _global_impure_ptr
                0x0000000004732020                _impure_ptr
 .sdata         0x0000000004732024        0x4 c:/altera/14.1/nios2eds/bin/gnu/h-x86_64-mingw32/bin/../lib/gcc/nios2-elf/4.8.3/../../../../../H-x86_64-mingw32/nios2-elf/lib\libc.a(lib_a-locale.o)
                0x0000000004732024                __mb_cur_max
 .sdata         0x0000000004732028        0x4 c:/altera/14.1/nios2eds/bin/gnu/h-x86_64-mingw32/bin/../lib/gcc/nios2-elf/4.8.3/../../../../../H-x86_64-mingw32/nios2-elf/lib\libc.a(lib_a-wctomb_r.o)
                0x0000000004732028                __wctomb
 .sdata         0x000000000473202c       0x14 ../lab5_bsp/\libucosii_bsp.a(alt_dev.o)
                0x000000000473202c                alt_max_fd
                0x0000000004732030                alt_dev_list
                0x0000000004732038                alt_fs_list
 .sdata         0x0000000004732040        0x4 ../lab5_bsp/\libucosii_bsp.a(alt_errno.o)
                0x0000000004732040                alt_errno
 .sdata         0x0000000004732044        0x4 ../lab5_bsp/\libucosii_bsp.a(alt_irq_vars.o)
                0x0000000004732044                alt_priority_mask
 .sdata         0x0000000004732048        0x4 ../lab5_bsp/\libucosii_bsp.a(alt_sbrk.o)
 .sdata         0x000000000473204c        0x8 ../lab5_bsp/\libucosii_bsp.a(alt_tick.o)
                0x000000000473204c                alt_alarm_list
 .sdata         0x0000000004732054        0x4 ../lab5_bsp/\libucosii_bsp.a(alt_env_lock.o)
 .sdata         0x0000000004732058        0x4 ../lab5_bsp/\libucosii_bsp.a(alt_malloc_lock.o)
 .sdata         0x000000000473205c       0x74 ../lab5_bsp/\libucosii_bsp.a(os_dbg.o)
                0x000000000473205c                OSDataSize
                0x000000000473205e                OSTmrWheelTblSize
                0x0000000004732060                OSTmrWheelSize
                0x0000000004732062                OSTmrTblSize
                0x0000000004732064                OSTmrSize
                0x0000000004732066                OSTmrCfgTicksPerSec
                0x0000000004732068                OSTmrCfgWheelSize
                0x000000000473206a                OSTmrCfgNameSize
                0x000000000473206c                OSTmrCfgMax
                0x000000000473206e                OSTmrEn
                0x0000000004732070                OSVersionNbr
                0x0000000004732072                OSTimeTickHookEn
                0x0000000004732074                OSTicksPerSec
                0x0000000004732076                OSTCBSize
                0x0000000004732078                OSTCBPrioTblMax
                0x000000000473207a                OSTaskSwHookEn
                0x000000000473207c                OSTaskStatStkChkEn
                0x000000000473207e                OSTaskStatStkSize
                0x0000000004732080                OSTaskStatEn
                0x0000000004732082                OSTaskNameSize
                0x0000000004732084                OSTaskMax
                0x0000000004732086                OSTaskProfileEn
                0x0000000004732088                OSTaskIdleStkSize
                0x000000000473208a                OSTaskDelEn
                0x000000000473208c                OSTaskCreateExtEn
                0x000000000473208e                OSTaskCreateEn
                0x0000000004732090                OSStkWidth
                0x0000000004732092                OSSemEn
                0x0000000004732094                OSRdyTblSize
                0x0000000004732096                OSQSize
                0x0000000004732098                OSQMax
                0x000000000473209a                OSQEn
                0x000000000473209c                OSPtrSize
                0x000000000473209e                OSMutexEn
                0x00000000047320a0                OSMemTblSize
                0x00000000047320a2                OSMemSize
                0x00000000047320a4                OSMemNameSize
                0x00000000047320a6                OSMemMax
                0x00000000047320a8                OSMemEn
                0x00000000047320aa                OSMboxEn
                0x00000000047320ac                OSLowestPrio
                0x00000000047320ae                OSFlagNameSize
                0x00000000047320b0                OSFlagMax
                0x00000000047320b2                OSFlagWidth
                0x00000000047320b4                OSFlagNodeSize
                0x00000000047320b6                OSFlagGrpSize
                0x00000000047320b8                OSFlagEn
                0x00000000047320ba                OSEventMultiEn
                0x00000000047320bc                OSEventTblSize
                0x00000000047320be                OSEventSize
                0x00000000047320c0                OSEventNameSize
                0x00000000047320c2                OSEventMax
                0x00000000047320c4                OSEventEn
                0x00000000047320c8                OSEndiannessTest
                0x00000000047320cc                OSDebugEn
 *(.sdata2 .sdata2.* .gnu.linkonce.s2.*)
                0x00000000047320d0                . = ALIGN (0x4)
                0x00000000047320d0                _edata = ABSOLUTE (.)
                0x00000000047320d0                PROVIDE (edata, ABSOLUTE (.))
                0x00000000047320d0                PROVIDE (__ram_rwdata_end, ABSOLUTE (.))
                0x00000000047320d0                PROVIDE (__flash_rwdata_start, LOADADDR (.rwdata))

.bss            0x00000000047357e8     0xf404
                0x00000000047357e8                __bss_start = ABSOLUTE (.)
                0x00000000047357e8                PROVIDE (__sbss_start, ABSOLUTE (.))
                0x00000000047357e8                PROVIDE (___sbss_start, ABSOLUTE (.))
 *(.dynsbss)
 *(.sbss .sbss.* .gnu.linkonce.sb.*)
 .sbss          0x00000000047357e8        0x1 obj/default/drivers/drivers.o
 .sbss          0x00000000047357e9        0x3 obj/default/hello_ucosii.o
                0x00000000047357e9                stop_song
                0x00000000047357ea                pause_song
                0x00000000047357eb                play_song
 .sbss          0x00000000047357ec        0x4 obj/default/hello_ucosii.o
                0x00000000047357ec                SW_Frame
 .sbss          0x00000000047357f0        0xc c:/altera/14.1/nios2eds/bin/gnu/h-x86_64-mingw32/bin/../lib/gcc/nios2-elf/4.8.3/../../../../../H-x86_64-mingw32/nios2-elf/lib\libc.a(lib_a-mallocr.o)
                0x00000000047357f0                __malloc_max_total_mem
                0x00000000047357f4                __malloc_max_sbrked_mem
                0x00000000047357f8                __malloc_top_pad
 .sbss          0x00000000047357fc        0x4 c:/altera/14.1/nios2eds/bin/gnu/h-x86_64-mingw32/bin/../lib/gcc/nios2-elf/4.8.3/../../../../../H-x86_64-mingw32/nios2-elf/lib\libc.a(lib_a-int_errno.o)
                0x00000000047357fc                errno
 .sbss          0x0000000004735800        0xc c:/altera/14.1/nios2eds/bin/gnu/h-x86_64-mingw32/bin/../lib/gcc/nios2-elf/4.8.3/../../../../../H-x86_64-mingw32/nios2-elf/lib\libc.a(lib_a-locale.o)
                0x0000000004735800                _PathLocale
                0x0000000004735804                __mlocale_changed
                0x0000000004735808                __nlocale_changed
 .sbss          0x000000000473580c        0x4 ../lab5_bsp/\libucosii_bsp.a(alt_dev.o)
                0x000000000473580c                alt_fd_list_lock
 .sbss          0x0000000004735810        0x4 ../lab5_bsp/\libucosii_bsp.a(alt_irq_vars.o)
                0x0000000004735810                alt_irq_active
 .sbss          0x0000000004735814        0xc ../lab5_bsp/\libucosii_bsp.a(alt_main.o)
                0x0000000004735814                alt_envp
                0x0000000004735818                alt_argv
                0x000000000473581c                alt_argc
 .sbss          0x0000000004735820        0x8 ../lab5_bsp/\libucosii_bsp.a(alt_tick.o)
                0x0000000004735820                _alt_nticks
                0x0000000004735824                _alt_tick_rate
 .sbss          0x0000000004735828        0x8 ../lab5_bsp/\libucosii_bsp.a(alt_env_lock.o)
                0x000000000473582c                alt_envsem
 .sbss          0x0000000004735830        0x8 ../lab5_bsp/\libucosii_bsp.a(alt_malloc_lock.o)
                0x0000000004735834                alt_heapsem
 .sbss          0x0000000004735838       0x50 ../lab5_bsp/\libucosii_bsp.a(os_core.o)
                0x0000000004735838                OSLockNesting
                0x0000000004735839                OSRunning
                0x000000000473583c                OSIdleCtr
                0x0000000004735840                OSPrioHighRdy
                0x0000000004735841                OSPrioCur
                0x0000000004735844                OSTCBList
                0x0000000004735848                OSTickStepState
                0x000000000473584c                OSCtxSwCtr
                0x0000000004735850                OSIdleCtrMax
                0x0000000004735854                OSTCBFreeList
                0x0000000004735858                OSCPUUsage
                0x0000000004735859                OSTaskCtr
                0x000000000473585c                OSMemFreeList
                0x0000000004735860                OSTCBHighRdy
                0x0000000004735864                OSQFreeList
                0x0000000004735868                OSRdyGrp
                0x0000000004735869                OSRdyTbl
                0x000000000473586c                OSEventFreeList
                0x0000000004735870                OSIntNesting
                0x0000000004735874                OSTCBCur
                0x0000000004735878                OSTime
                0x000000000473587c                OSFlagFreeList
                0x0000000004735880                OSStatRdy
                0x0000000004735884                OSIdleCtrRun
 *(.sbss2 .sbss2.* .gnu.linkonce.sb2.*)
 *(.scommon)
                0x0000000004735888                PROVIDE (__sbss_end, ABSOLUTE (.))
                0x0000000004735888                PROVIDE (___sbss_end, ABSOLUTE (.))
 *(.dynbss)
 *(.bss .bss.* .gnu.linkonce.b.*)
 .bss           0x0000000004735888        0x0 ../lab5_bsp//obj/HAL/src/crt0.o
 .bss           0x0000000004735888        0x0 obj/default/drivers/drivers.o
 .bss           0x0000000004735888        0x0 obj/default/fonts/tahomabold_20.o
 .bss           0x0000000004735888        0x0 obj/default/fonts/tahomabold_32.o
 .bss           0x0000000004735888        0x0 obj/default/frame.o
 .bss           0x0000000004735888        0x0 obj/default/graphic_lib/draw_gimps.o
 .bss           0x0000000004735888        0x0 obj/default/graphic_lib/gimp_bmp.o
 .bss           0x0000000004735888        0x0 obj/default/graphic_lib/simple_graphics.o
 .bss           0x0000000004735888        0x0 obj/default/graphic_lib/simple_text.o
 .bss           0x0000000004735888        0x0 obj/default/hello_ucosii.o
 .bss           0x0000000004735888        0x0 obj/default/imagenes/back_down.o
 .bss           0x0000000004735888        0x0 obj/default/imagenes/back_up.o
 .bss           0x0000000004735888        0x0 obj/default/imagenes/ford_down.o
 .bss           0x0000000004735888        0x0 obj/default/imagenes/ford_up.o
 .bss           0x0000000004735888        0x0 obj/default/imagenes/pause_down.o
 .bss           0x0000000004735888        0x0 obj/default/imagenes/pause_up.o
 .bss           0x0000000004735888        0x0 obj/default/imagenes/play_down.o
 .bss           0x0000000004735888        0x0 obj/default/imagenes/play_up.o
 .bss           0x0000000004735888        0x0 obj/default/imagenes/stop_down.o
 .bss           0x0000000004735888        0x0 obj/default/imagenes/stop_up.o
 .bss           0x0000000004735888        0x0 obj/default/song/song.o
 .bss           0x0000000004735888        0x0 obj/default/student_code/student_code.o
 .bss           0x0000000004735888        0x0 obj/default/vip_fr.o
 .bss           0x0000000004735888        0x0 c:/altera/14.1/nios2eds/bin/gnu/h-x86_64-mingw32/bin/../lib/gcc/nios2-elf/4.8.3\libgcc.a(lib2-divmod.o)
 .bss           0x0000000004735888        0x0 c:/altera/14.1/nios2eds/bin/gnu/h-x86_64-mingw32/bin/../lib/gcc/nios2-elf/4.8.3\libgcc.a(fixsfsi.o)
 .bss           0x0000000004735888        0x0 c:/altera/14.1/nios2eds/bin/gnu/h-x86_64-mingw32/bin/../lib/gcc/nios2-elf/4.8.3/../../../../../H-x86_64-mingw32/nios2-elf/lib\libc.a(lib_a-malloc.o)
 .bss           0x0000000004735888       0x28 c:/altera/14.1/nios2eds/bin/gnu/h-x86_64-mingw32/bin/../lib/gcc/nios2-elf/4.8.3/../../../../../H-x86_64-mingw32/nios2-elf/lib\libc.a(lib_a-mallocr.o)
                0x0000000004735888                __malloc_current_mallinfo
 .bss           0x00000000047358b0        0x0 c:/altera/14.1/nios2eds/bin/gnu/h-x86_64-mingw32/bin/../lib/gcc/nios2-elf/4.8.3/../../../../../H-x86_64-mingw32/nios2-elf/lib\libc.a(lib_a-memcpy.o)
 .bss           0x00000000047358b0        0x0 c:/altera/14.1/nios2eds/bin/gnu/h-x86_64-mingw32/bin/../lib/gcc/nios2-elf/4.8.3/../../../../../H-x86_64-mingw32/nios2-elf/lib\libc.a(lib_a-memset.o)
 .bss           0x00000000047358b0        0x0 c:/altera/14.1/nios2eds/bin/gnu/h-x86_64-mingw32/bin/../lib/gcc/nios2-elf/4.8.3/../../../../../H-x86_64-mingw32/nios2-elf/lib\libc.a(lib_a-printf.o)
 .bss           0x00000000047358b0        0x0 c:/altera/14.1/nios2eds/bin/gnu/h-x86_64-mingw32/bin/../lib/gcc/nios2-elf/4.8.3/../../../../../H-x86_64-mingw32/nios2-elf/lib\libc.a(lib_a-sbrkr.o)
 .bss           0x00000000047358b0        0x0 c:/altera/14.1/nios2eds/bin/gnu/h-x86_64-mingw32/bin/../lib/gcc/nios2-elf/4.8.3/../../../../../H-x86_64-mingw32/nios2-elf/lib\libc.a(lib_a-strcpy.o)
 .bss           0x00000000047358b0        0x0 c:/altera/14.1/nios2eds/bin/gnu/h-x86_64-mingw32/bin/../lib/gcc/nios2-elf/4.8.3/../../../../../H-x86_64-mingw32/nios2-elf/lib\libc.a(lib_a-strlen.o)
 .bss           0x00000000047358b0        0x0 c:/altera/14.1/nios2eds/bin/gnu/h-x86_64-mingw32/bin/../lib/gcc/nios2-elf/4.8.3/../../../../../H-x86_64-mingw32/nios2-elf/lib\libc.a(lib_a-vfprintf.o)
 .bss           0x00000000047358b0        0x0 c:/altera/14.1/nios2eds/bin/gnu/h-x86_64-mingw32/bin/../lib/gcc/nios2-elf/4.8.3/../../../../../H-x86_64-mingw32/nios2-elf/lib\libc.a(lib_a-wsetup.o)
 .bss           0x00000000047358b0        0x0 c:/altera/14.1/nios2eds/bin/gnu/h-x86_64-mingw32/bin/../lib/gcc/nios2-elf/4.8.3/../../../../../H-x86_64-mingw32/nios2-elf/lib\libc.a(lib_a-dtoa.o)
 .bss           0x00000000047358b0        0x0 c:/altera/14.1/nios2eds/bin/gnu/h-x86_64-mingw32/bin/../lib/gcc/nios2-elf/4.8.3/../../../../../H-x86_64-mingw32/nios2-elf/lib\libc.a(lib_a-fflush.o)
 .bss           0x00000000047358b0        0x0 c:/altera/14.1/nios2eds/bin/gnu/h-x86_64-mingw32/bin/../lib/gcc/nios2-elf/4.8.3/../../../../../H-x86_64-mingw32/nios2-elf/lib\libc.a(lib_a-findfp.o)
 .bss           0x00000000047358b0        0x0 c:/altera/14.1/nios2eds/bin/gnu/h-x86_64-mingw32/bin/../lib/gcc/nios2-elf/4.8.3/../../../../../H-x86_64-mingw32/nios2-elf/lib\libc.a(lib_a-freer.o)
 .bss           0x00000000047358b0        0x0 c:/altera/14.1/nios2eds/bin/gnu/h-x86_64-mingw32/bin/../lib/gcc/nios2-elf/4.8.3/../../../../../H-x86_64-mingw32/nios2-elf/lib\libc.a(lib_a-fwalk.o)
 .bss           0x00000000047358b0        0x0 c:/altera/14.1/nios2eds/bin/gnu/h-x86_64-mingw32/bin/../lib/gcc/nios2-elf/4.8.3/../../../../../H-x86_64-mingw32/nios2-elf/lib\libc.a(lib_a-impure.o)
 .bss           0x00000000047358b0        0x0 c:/altera/14.1/nios2eds/bin/gnu/h-x86_64-mingw32/bin/../lib/gcc/nios2-elf/4.8.3/../../../../../H-x86_64-mingw32/nios2-elf/lib\libc.a(lib_a-int_errno.o)
 .bss           0x00000000047358b0        0x0 c:/altera/14.1/nios2eds/bin/gnu/h-x86_64-mingw32/bin/../lib/gcc/nios2-elf/4.8.3/../../../../../H-x86_64-mingw32/nios2-elf/lib\libc.a(lib_a-locale.o)
 .bss           0x00000000047358b0        0x0 c:/altera/14.1/nios2eds/bin/gnu/h-x86_64-mingw32/bin/../lib/gcc/nios2-elf/4.8.3/../../../../../H-x86_64-mingw32/nios2-elf/lib\libc.a(lib_a-makebuf.o)
 .bss           0x00000000047358b0        0x0 c:/altera/14.1/nios2eds/bin/gnu/h-x86_64-mingw32/bin/../lib/gcc/nios2-elf/4.8.3/../../../../../H-x86_64-mingw32/nios2-elf/lib\libc.a(lib_a-memchr.o)
 .bss           0x00000000047358b0        0x0 c:/altera/14.1/nios2eds/bin/gnu/h-x86_64-mingw32/bin/../lib/gcc/nios2-elf/4.8.3/../../../../../H-x86_64-mingw32/nios2-elf/lib\libc.a(lib_a-mprec.o)
 .bss           0x00000000047358b0        0x0 c:/altera/14.1/nios2eds/bin/gnu/h-x86_64-mingw32/bin/../lib/gcc/nios2-elf/4.8.3/../../../../../H-x86_64-mingw32/nios2-elf/lib\libc.a(lib_a-s_fpclassify.o)
 .bss           0x00000000047358b0        0x0 c:/altera/14.1/nios2eds/bin/gnu/h-x86_64-mingw32/bin/../lib/gcc/nios2-elf/4.8.3/../../../../../H-x86_64-mingw32/nios2-elf/lib\libc.a(lib_a-stdio.o)
 .bss           0x00000000047358b0        0x0 c:/altera/14.1/nios2eds/bin/gnu/h-x86_64-mingw32/bin/../lib/gcc/nios2-elf/4.8.3/../../../../../H-x86_64-mingw32/nios2-elf/lib\libc.a(lib_a-strcmp.o)
 .bss           0x00000000047358b0        0x0 c:/altera/14.1/nios2eds/bin/gnu/h-x86_64-mingw32/bin/../lib/gcc/nios2-elf/4.8.3/../../../../../H-x86_64-mingw32/nios2-elf/lib\libc.a(lib_a-vfiprintf.o)
 .bss           0x00000000047358b0        0x0 c:/altera/14.1/nios2eds/bin/gnu/h-x86_64-mingw32/bin/../lib/gcc/nios2-elf/4.8.3/../../../../../H-x86_64-mingw32/nios2-elf/lib\libc.a(lib_a-writer.o)
 .bss           0x00000000047358b0        0x0 c:/altera/14.1/nios2eds/bin/gnu/h-x86_64-mingw32/bin/../lib/gcc/nios2-elf/4.8.3/../../../../../H-x86_64-mingw32/nios2-elf/lib\libc.a(closer.o)
 .bss           0x00000000047358b0        0x0 c:/altera/14.1/nios2eds/bin/gnu/h-x86_64-mingw32/bin/../lib/gcc/nios2-elf/4.8.3/../../../../../H-x86_64-mingw32/nios2-elf/lib\libc.a(lib_a-callocr.o)
 .bss           0x00000000047358b0        0x0 c:/altera/14.1/nios2eds/bin/gnu/h-x86_64-mingw32/bin/../lib/gcc/nios2-elf/4.8.3/../../../../../H-x86_64-mingw32/nios2-elf/lib\libc.a(lib_a-fclose.o)
 .bss           0x00000000047358b0        0x0 c:/altera/14.1/nios2eds/bin/gnu/h-x86_64-mingw32/bin/../lib/gcc/nios2-elf/4.8.3/../../../../../H-x86_64-mingw32/nios2-elf/lib\libc.a(lib_a-fputwc.o)
 .bss           0x00000000047358b0        0x0 c:/altera/14.1/nios2eds/bin/gnu/h-x86_64-mingw32/bin/../lib/gcc/nios2-elf/4.8.3/../../../../../H-x86_64-mingw32/nios2-elf/lib\libc.a(lib_a-fstatr.o)
 .bss           0x00000000047358b0        0x0 c:/altera/14.1/nios2eds/bin/gnu/h-x86_64-mingw32/bin/../lib/gcc/nios2-elf/4.8.3/../../../../../H-x86_64-mingw32/nios2-elf/lib\libc.a(lib_a-fvwrite.o)
 .bss           0x00000000047358b0        0x0 c:/altera/14.1/nios2eds/bin/gnu/h-x86_64-mingw32/bin/../lib/gcc/nios2-elf/4.8.3/../../../../../H-x86_64-mingw32/nios2-elf/lib\libc.a(lib_a-isattyr.o)
 .bss           0x00000000047358b0        0x0 c:/altera/14.1/nios2eds/bin/gnu/h-x86_64-mingw32/bin/../lib/gcc/nios2-elf/4.8.3/../../../../../H-x86_64-mingw32/nios2-elf/lib\libc.a(lib_a-lseekr.o)
 .bss           0x00000000047358b0        0x0 c:/altera/14.1/nios2eds/bin/gnu/h-x86_64-mingw32/bin/../lib/gcc/nios2-elf/4.8.3/../../../../../H-x86_64-mingw32/nios2-elf/lib\libc.a(lib_a-memmove.o)
 .bss           0x00000000047358b0        0x0 c:/altera/14.1/nios2eds/bin/gnu/h-x86_64-mingw32/bin/../lib/gcc/nios2-elf/4.8.3/../../../../../H-x86_64-mingw32/nios2-elf/lib\libc.a(lib_a-readr.o)
 .bss           0x00000000047358b0        0x0 c:/altera/14.1/nios2eds/bin/gnu/h-x86_64-mingw32/bin/../lib/gcc/nios2-elf/4.8.3/../../../../../H-x86_64-mingw32/nios2-elf/lib\libc.a(lib_a-reallocr.o)
 .bss           0x00000000047358b0        0x0 c:/altera/14.1/nios2eds/bin/gnu/h-x86_64-mingw32/bin/../lib/gcc/nios2-elf/4.8.3/../../../../../H-x86_64-mingw32/nios2-elf/lib\libc.a(lib_a-wbuf.o)
 .bss           0x00000000047358b0        0x0 c:/altera/14.1/nios2eds/bin/gnu/h-x86_64-mingw32/bin/../lib/gcc/nios2-elf/4.8.3/../../../../../H-x86_64-mingw32/nios2-elf/lib\libc.a(lib_a-wcrtomb.o)
 .bss           0x00000000047358b0        0x0 c:/altera/14.1/nios2eds/bin/gnu/h-x86_64-mingw32/bin/../lib/gcc/nios2-elf/4.8.3/../../../../../H-x86_64-mingw32/nios2-elf/lib\libc.a(lib_a-wctomb_r.o)
 .bss           0x00000000047358b0        0x0 c:/altera/14.1/nios2eds/bin/gnu/h-x86_64-mingw32/bin/../lib/gcc/nios2-elf/4.8.3\libgcc.a(_udivdi3.o)
 .bss           0x00000000047358b0        0x0 c:/altera/14.1/nios2eds/bin/gnu/h-x86_64-mingw32/bin/../lib/gcc/nios2-elf/4.8.3\libgcc.a(_umoddi3.o)
 .bss           0x00000000047358b0        0x0 c:/altera/14.1/nios2eds/bin/gnu/h-x86_64-mingw32/bin/../lib/gcc/nios2-elf/4.8.3\libgcc.a(adddf3.o)
 .bss           0x00000000047358b0        0x0 c:/altera/14.1/nios2eds/bin/gnu/h-x86_64-mingw32/bin/../lib/gcc/nios2-elf/4.8.3\libgcc.a(divdf3.o)
 .bss           0x00000000047358b0        0x0 c:/altera/14.1/nios2eds/bin/gnu/h-x86_64-mingw32/bin/../lib/gcc/nios2-elf/4.8.3\libgcc.a(eqdf2.o)
 .bss           0x00000000047358b0        0x0 c:/altera/14.1/nios2eds/bin/gnu/h-x86_64-mingw32/bin/../lib/gcc/nios2-elf/4.8.3\libgcc.a(gedf2.o)